Archive member included to satisfy reference by file (symbol)

.pio\build\uno_r4_wifi\libd33\libServo.a(Servo.cpp.o)
                              .pio\build\uno_r4_wifi\src\main.cpp.o (Servo::Servo())
.pio\build\uno_r4_wifi\liba26\libTinyGPSPlus.a(TinyGPS++.cpp.o)
                              .pio\build\uno_r4_wifi\src\main.cpp.o (TinyGPSPlus::TinyGPSPlus())
.pio\build\uno_r4_wifi\lib8ed\libWiFiS3.a(WiFi.cpp.o)
                              .pio\build\uno_r4_wifi\src\main.cpp.o (CWifi::config(arduino::IPAddress))
.pio\build\uno_r4_wifi\lib8ed\libWiFiS3.a(WiFiClient.cpp.o)
                              .pio\build\uno_r4_wifi\src\main.cpp.o (WiFiClient::read())
.pio\build\uno_r4_wifi\lib8ed\libWiFiS3.a(WiFiServer.cpp.o)
                              .pio\build\uno_r4_wifi\src\main.cpp.o (WiFiServer::WiFiServer(int))
.pio\build\uno_r4_wifi\lib8ed\libWiFiS3.a(Modem.cpp.o)
                              .pio\build\uno_r4_wifi\lib8ed\libWiFiS3.a(WiFiClient.cpp.o) (ModemClass::write_nowait(std::__cxx11::basic_string<char, std::char_traits<char>, std::allocator<char> > const&, std::__cxx11::basic_string<char, std::char_traits<char>, std::allocator<char> >&, char const*, ...))
.pio\build\uno_r4_wifi\lib4e1\libSoftwareSerial.a(SoftwareSerial.cpp.o)
                              .pio\build\uno_r4_wifi\src\main.cpp.o (SoftwareSerial::SoftwareSerial(unsigned char, unsigned char, unsigned int))
.pio\build\uno_r4_wifi\libFrameworkArduinoVariant.a(common_data.c.o)
                              .pio\build\uno_r4_wifi\libd33\libServo.a(Servo.cpp.o) (g_ioport_ctrl)
.pio\build\uno_r4_wifi\libFrameworkArduinoVariant.a(main.c.o)
                              c:/users/denni/.platformio/packages/toolchain-gccarmnoneeabi/bin/../lib/gcc/arm-none-eabi/7.2.1/../../../../arm-none-eabi/lib/thumb/v7e-m/fpv4-sp/hard/crt0.o (main)
.pio\build\uno_r4_wifi\libFrameworkArduinoVariant.a(pin_data.c.o)
                              .pio\build\uno_r4_wifi\libFrameworkArduinoVariant.a(common_data.c.o) (g_bsp_pin_cfg)
.pio\build\uno_r4_wifi\libFrameworkArduinoVariant.a(variant.cpp.o)
                              .pio\build\uno_r4_wifi\libd33\libServo.a(Servo.cpp.o) (g_pin_cfg)
.pio\build\uno_r4_wifi\libFrameworkArduino.a(FspTimer.cpp.o)
                              .pio\build\uno_r4_wifi\libd33\libServo.a(Servo.cpp.o) (FspTimer::FspTimer())
.pio\build\uno_r4_wifi\libFrameworkArduino.a(IRQManager.cpp.o)
                              .pio\build\uno_r4_wifi\lib4e1\libSoftwareSerial.a(SoftwareSerial.cpp.o) (IRQManager::getInstance())
.pio\build\uno_r4_wifi\libFrameworkArduino.a(Interrupts.cpp.o)
                              .pio\build\uno_r4_wifi\lib4e1\libSoftwareSerial.a(SoftwareSerial.cpp.o) (attachIrq2Link(unsigned long, PinStatus))
.pio\build\uno_r4_wifi\libFrameworkArduino.a(Serial.cpp.o)
                              .pio\build\uno_r4_wifi\src\main.cpp.o (UART::operator bool())
.pio\build\uno_r4_wifi\libFrameworkArduino.a(SerialObj1.cpp.o)
                              .pio\build\uno_r4_wifi\src\main.cpp.o (_UART1_)
.pio\build\uno_r4_wifi\libFrameworkArduino.a(SerialObj3.cpp.o)
                              .pio\build\uno_r4_wifi\lib8ed\libWiFiS3.a(Modem.cpp.o) (_UART3_)
.pio\build\uno_r4_wifi\libFrameworkArduino.a(analog.cpp.o)
                              .pio\build\uno_r4_wifi\src\main.cpp.o (analogWrite)
.pio\build\uno_r4_wifi\libFrameworkArduino.a(Common.cpp.o)
                              .pio\build\uno_r4_wifi\libd33\libServo.a(Servo.cpp.o) (map(long, long, long, long, long))
.pio\build\uno_r4_wifi\libFrameworkArduino.a(IPAddress.cpp.o)
                              .pio\build\uno_r4_wifi\lib8ed\libWiFiS3.a(WiFi.cpp.o) (arduino::IPAddress::IPAddress())
.pio\build\uno_r4_wifi\libFrameworkArduino.a(Print.cpp.o)
                              .pio\build\uno_r4_wifi\lib4e1\libSoftwareSerial.a(SoftwareSerial.cpp.o) (arduino::Print::write(unsigned char const*, unsigned int))
.pio\build\uno_r4_wifi\libFrameworkArduino.a(String.cpp.o)
                              .pio\build\uno_r4_wifi\src\main.cpp.o (arduino::String::~String())
.pio\build\uno_r4_wifi\libFrameworkArduino.a(dac.cpp.o)
                              .pio\build\uno_r4_wifi\libFrameworkArduino.a(analog.cpp.o) (CDac::analogWrite(int))
.pio\build\uno_r4_wifi\libFrameworkArduino.a(digital.cpp.o)
                              .pio\build\uno_r4_wifi\src\main.cpp.o (pinMode)
.pio\build\uno_r4_wifi\libFrameworkArduino.a(itoa.c.o)
                              .pio\build\uno_r4_wifi\libFrameworkArduino.a(String.cpp.o) (dtostrf)
.pio\build\uno_r4_wifi\libFrameworkArduino.a(main.cpp.o)
                              .pio\build\uno_r4_wifi\libFrameworkArduinoVariant.a(main.c.o) (hal_entry)
.pio\build\uno_r4_wifi\libFrameworkArduino.a(pinDefinitions.cpp.o)
                              .pio\build\uno_r4_wifi\libFrameworkArduino.a(analog.cpp.o) (pinPeripheral(e_bsp_io_port_pin_t, unsigned long))
.pio\build\uno_r4_wifi\libFrameworkArduino.a(pulse.cpp.o)
[...]
Memory Configuration

Name             Origin             Length             Attributes
FLASH            0x00004000         0x0003c000         xr
RAM              0x20000000         0x00008000         xrw
DATA_FLASH       0x40100000         0x00002000         xr
OPTION_SETTING   0x00000000         0x00000000         r
OPTION_SETTING_S 0x00000000         0x00000000         r
ID_CODE          0x01010018         0x00000020         xr
*default*        0x00000000         0xffffffff

Linker script and memory map

LOAD c:/users/denni/.platformio/packages/toolchain-gccarmnoneeabi/bin/../lib/gcc/arm-none-eabi/7.2.1/thumb/v7e-m/fpv4-sp/hard/crti.o
LOAD c:/users/denni/.platformio/packages/toolchain-gccarmnoneeabi/bin/../lib/gcc/arm-none-eabi/7.2.1/thumb/v7e-m/fpv4-sp/hard/crtbegin.o
LOAD c:/users/denni/.platformio/packages/toolchain-gccarmnoneeabi/bin/../lib/gcc/arm-none-eabi/7.2.1/../../../../arm-none-eabi/lib/thumb/v7e-m/fpv4-sp/hard/crt0.o
LOAD .pio\build\uno_r4_wifi\src\main.cpp.o
START GROUP
LOAD .pio\build\uno_r4_wifi\libd33\libServo.a
LOAD .pio\build\uno_r4_wifi\liba26\libTinyGPSPlus.a
LOAD .pio\build\uno_r4_wifi\lib8ed\libWiFiS3.a
LOAD .pio\build\uno_r4_wifi\lib4e1\libSoftwareSerial.a
LOAD .pio\build\uno_r4_wifi\libFrameworkArduinoVariant.a
LOAD .pio\build\uno_r4_wifi\libFrameworkArduino.a
LOAD C:\Users\denni\.platformio\packages\framework-arduinorenesas-uno\variants\UNOWIFIR4\libs\libfsp.a
LOAD c:/users/denni/.platformio/packages/toolchain-gccarmnoneeabi/bin/../lib/gcc/arm-none-eabi/7.2.1/../../../../arm-none-eabi/lib/thumb/v7e-m/fpv4-sp/hard\libstdc++_nano.a
LOAD c:/users/denni/.platformio/packages/toolchain-gccarmnoneeabi/bin/../lib/gcc/arm-none-eabi/7.2.1/../../../../arm-none-eabi/lib/thumb/v7e-m/fpv4-sp/hard\libsupc++_nano.a
LOAD c:/users/denni/.platformio/packages/toolchain-gccarmnoneeabi/bin/../lib/gcc/arm-none-eabi/7.2.1/thumb/v7e-m/fpv4-sp/hard\libgcc.a
LOAD c:/users/denni/.platformio/packages/toolchain-gccarmnoneeabi/bin/../lib/gcc/arm-none-eabi/7.2.1/../../../../arm-none-eabi/lib/thumb/v7e-m/fpv4-sp/hard\libnosys.a
END GROUP
LOAD c:/users/denni/.platformio/packages/toolchain-gccarmnoneeabi/bin/../lib/gcc/arm-none-eabi/7.2.1/../../../../arm-none-eabi/lib/thumb/v7e-m/fpv4-sp/hard\libstdc++_nano.a
LOAD c:/users/denni/.platformio/packages/toolchain-gccarmnoneeabi/bin/../lib/gcc/arm-none-eabi/7.2.1/../../../../arm-none-eabi/lib/thumb/v7e-m/fpv4-sp/hard\libm.a
LOAD c:/users/denni/.platformio/packages/toolchain-gccarmnoneeabi/bin/../lib/gcc/arm-none-eabi/7.2.1/../../../../arm-none-eabi/lib/thumb/v7e-m/fpv4-sp/hard\libc_nano.a
START GROUP
LOAD c:/users/denni/.platformio/packages/toolchain-gccarmnoneeabi/bin/../lib/gcc/arm-none-eabi/7.2.1/thumb/v7e-m/fpv4-sp/hard\libgcc.a
LOAD c:/users/denni/.platformio/packages/toolchain-gccarmnoneeabi/bin/../lib/gcc/arm-none-eabi/7.2.1/../../../../arm-none-eabi/lib/thumb/v7e-m/fpv4-sp/hard\libc_nano.a
END GROUP
START GROUP
LOAD c:/users/denni/.platformio/packages/toolchain-gccarmnoneeabi/bin/../lib/gcc/arm-none-eabi/7.2.1/thumb/v7e-m/fpv4-sp/hard\libgcc.a
LOAD c:/users/denni/.platformio/packages/toolchain-gccarmnoneeabi/bin/../lib/gcc/arm-none-eabi/7.2.1/../../../../arm-none-eabi/lib/thumb/v7e-m/fpv4-sp/hard\libc_nano.a
LOAD c:/users/denni/.platformio/packages/toolchain-gccarmnoneeabi/bin/../lib/gcc/arm-none-eabi/7.2.1/../../../../arm-none-eabi/lib/thumb/v7e-m/fpv4-sp/hard\libnosys.a
END GROUP
START GROUP
LOAD c:/users/denni/.platformio/packages/toolchain-gccarmnoneeabi/bin/../lib/gcc/arm-none-eabi/7.2.1/thumb/v7e-m/fpv4-sp/hard\libgcc.a
LOAD c:/users/denni/.platformio/packages/toolchain-gccarmnoneeabi/bin/../lib/gcc/arm-none-eabi/7.2.1/../../../../arm-none-eabi/lib/thumb/v7e-m/fpv4-sp/hard\libc_nano.a
LOAD c:/users/denni/.platformio/packages/toolchain-gccarmnoneeabi/bin/../lib/gcc/arm-none-eabi/7.2.1/../../../../arm-none-eabi/lib/thumb/v7e-m/fpv4-sp/hard\libnosys.a
END GROUP
LOAD c:/users/denni/.platformio/packages/toolchain-gccarmnoneeabi/bin/../lib/gcc/arm-none-eabi/7.2.1/thumb/v7e-m/fpv4-sp/hard/crtend.o
LOAD c:/users/denni/.platformio/packages/toolchain-gccarmnoneeabi/bin/../lib/gcc/arm-none-eabi/7.2.1/thumb/v7e-m/fpv4-sp/hard/crtn.o
                0x20000000                RAM_START = 0x20000000
                0x00008000                RAM_LENGTH = 0x8000
                0x00000000                FLASH_START = 0x0
                0x00040000                FLASH_LENGTH = 0x40000
                0x40100000                DATA_FLASH_START = 0x40100000
                0x00002000                DATA_FLASH_LENGTH = 0x2000
                0x00000000                OPTION_SETTING_START = 0x0
                0x00000000                OPTION_SETTING_LENGTH = 0x0
                0x00000000                OPTION_SETTING_S_START = 0x0
                0x00000000                OPTION_SETTING_S_LENGTH = 0x0
                0x01010018                ID_CODE_START = 0x1010018
                0x00000020                ID_CODE_LENGTH = 0x20
                0x90000000                SDRAM_START = 0x90000000
                0x00000000                SDRAM_LENGTH = 0x0
                0x60000000                QSPI_FLASH_START = 0x60000000
                0x00000000                QSPI_FLASH_LENGTH = 0x0
                0x68000000                OSPI_DEVICE_0_START = 0x68000000
                0x00000000                OSPI_DEVICE_0_LENGTH = 0x0
                0x70000000                OSPI_DEVICE_1_START = 0x70000000
                0x00000000                OSPI_DEVICE_1_LENGTH = 0x0
                0x00004000                FLASH_IMAGE_START = 0x4000
                0x00000100                VECTOR_TABLE_LENGTH = 0x100
                0x00000400                BSP_CFG_STACK_MAIN_BYTES = 0x400
START GROUP
LOAD c:/users/denni/.platformio/packages/toolchain-gccarmnoneeabi/bin/../lib/gcc/arm-none-eabi/7.2.1/thumb/v7e-m/fpv4-sp/hard\libgcc.a
LOAD c:/users/denni/.platformio/packages/toolchain-gccarmnoneeabi/bin/../lib/gcc/arm-none-eabi/7.2.1/../../../../arm-none-eabi/lib/thumb/v7e-m/fpv4-sp/hard\libc.a
LOAD c:/users/denni/.platformio/packages/toolchain-gccarmnoneeabi/bin/../lib/gcc/arm-none-eabi/7.2.1/../../../../arm-none-eabi/lib/thumb/v7e-m/fpv4-sp/hard\libm.a
LOAD c:/users/denni/.platformio/packages/toolchain-gccarmnoneeabi/bin/../lib/gcc/arm-none-eabi/7.2.1/../../../../arm-none-eabi/lib/thumb/v7e-m/fpv4-sp/hard\libnosys.a
END GROUP

.text           0x00004000    0x124d4
                0x00000000                __tz_FLASH_S = ABSOLUTE (FLASH_START)
                0x00004000                __ROM_Start = .
 *(.sketch_boot)
                0x00004000                . = ALIGN (0x800)
 *(.fixed_vectors*)
 .fixed_vectors
                0x00004000       0x40 C:\Users\denni\.platformio\packages\framework-arduinorenesas-uno\variants\UNOWIFIR4\libs\libfsp.a(startup.o)
                0x00004000                __Vectors
 *(.application_vectors*)
 .application_vectors
                0x00004040       0x80 .pio\build\uno_r4_wifi\libFrameworkArduino.a(vector_table.c.o)
                0x00004040                g_vector_table
                0x000040c0                __Vectors_End = .
 *(.text*)
 .text          0x000040c0       0x40 c:/users/denni/.platformio/packages/toolchain-gccarmnoneeabi/bin/../lib/gcc/arm-none-eabi/7.2.1/thumb/v7e-m/fpv4-sp/hard/crtbegin.o
 .text._ZN11ArduinoJson8V741PB226detail16DefaultAllocator10reallocateEPvj
                0x00004100        0x8 .pio\build\uno_r4_wifi\src\main.cpp.o
                0x00004100                ArduinoJson::V741PB22::detail::DefaultAllocator::reallocate(void*, unsigned int)
 .text._ZN11ArduinoJson8V741PB226detail16DefaultAllocator10deallocateEPv
                0x00004108        0x6 .pio\build\uno_r4_wifi\src\main.cpp.o
                0x00004108                ArduinoJson::V741PB22::detail::DefaultAllocator::deallocate(void*)
 .text._ZN11ArduinoJson8V741PB226detail16DefaultAllocator8allocateEj
                0x0000410e        0x6 .pio\build\uno_r4_wifi\src\main.cpp.o
                0x0000410e                ArduinoJson::V741PB22::detail::DefaultAllocator::allocate(unsigned int)
 .text._ZN11HttpRequest18extractHeaderValueERKN7arduino6StringES3_.isra.49
                0x00004114       0x58 .pio\build\uno_r4_wifi\src\main.cpp.o
 .text._ZNK11ArduinoJson8V741PB226detail14MemoryPoolListINS1_15ResourceManager8SlotDataEE7getSlotEt.isra.64
                0x0000416c       0x20 .pio\build\uno_r4_wifi\src\main.cpp.o
 .text._ZN11ArduinoJson8V741PB226detail10StringNode6createEjPNS0_9AllocatorE
                0x0000418c       0x28 .pio\build\uno_r4_wifi\src\main.cpp.o
                0x0000418c                ArduinoJson::V741PB22::detail::StringNode::create(unsigned int, ArduinoJson::V741PB22::Allocator*)
 .text._ZN11ArduinoJson8V741PB226detail10StringNode7destroyEPS2_PNS0_9AllocatorE
                0x000041b4        0xc .pio\build\uno_r4_wifi\src\main.cpp.o
                0x000041b4                ArduinoJson::V741PB22::detail::StringNode::destroy(ArduinoJson::V741PB22::detail::StringNode*, ArduinoJson::V741PB22::Allocator*)
 .text._ZN11ArduinoJson8V741PB2210JsonStringC2EPKcb
                0x000041c0       0x1a .pio\build\uno_r4_wifi\src\main.cpp.o
                0x000041c0                ArduinoJson::V741PB22::JsonString::JsonString(char const*, bool)
                0x000041c0                ArduinoJson::V741PB22::JsonString::JsonString(char const*, bool)
 .text._ZNK11ArduinoJson8V741PB226detail11VariantData8asStringEv
                0x000041da       0x3c .pio\build\uno_r4_wifi\src\main.cpp.o
                0x000041da                ArduinoJson::V741PB22::detail::VariantData::asString() const
 .text._ZN11ArduinoJson8V741PB226detail15ResourceManager12resizeStringEPNS1_10StringNodeEj
                0x00004216       0x32 .pio\build\uno_r4_wifi\src\main.cpp.o
                0x00004216                ArduinoJson::V741PB22::detail::ResourceManager::resizeString(ArduinoJson::V741PB22::detail::StringNode*, unsigned int)
 .text._ZN11ArduinoJson8V741PB226detail18CollectionIterator4nextEPKNS1_15ResourceManagerE
                0x00004248       0x1c .pio\build\uno_r4_wifi\src\main.cpp.o
                0x00004248                ArduinoJson::V741PB22::detail::CollectionIterator::next(ArduinoJson::V741PB22::detail::ResourceManager const*)
 .text._ZN11ArduinoJson8V741PB226detail13StringBuilder11startStringEv
                0x00004264       0x20 .pio\build\uno_r4_wifi\src\main.cpp.o
                0x00004264                ArduinoJson::V741PB22::detail::StringBuilder::startString()
 .text._ZN11ArduinoJson8V741PB226detail13StringBuilder6appendEc
                0x00004284       0x2e .pio\build\uno_r4_wifi\src\main.cpp.o
                0x00004284                ArduinoJson::V741PB22::detail::StringBuilder::append(char)
 .text._ZN11ArduinoJson8V741PB226detail11VariantData5clearEPNS1_15ResourceManagerE
                0x000042b2       0x66 .pio\build\uno_r4_wifi\src\main.cpp.o
                0x000042b2                ArduinoJson::V741PB22::detail::VariantData::clear(ArduinoJson::V741PB22::detail::ResourceManager*)
 .text._ZNK11ArduinoJson8V741PB226detail14VariantRefBaseINS0_11JsonVariantEE5doSetINS0_9ConverterIDnvEEDnEEbRKT0_NS1_17integral_constantIbLb0EEE.isra.78
                0x00004318       0x1a .pio\build\uno_r4_wifi\src\main.cpp.o
 .text._ZN11ArduinoJson8V741PB226detail14CollectionData5clearEPNS1_15ResourceManagerE
                0x00004332       0x3c .pio\build\uno_r4_wifi\src\main.cpp.o
                0x00004332                ArduinoJson::V741PB22::detail::CollectionData::clear(ArduinoJson::V741PB22::detail::ResourceManager*)
 *fill*         0x0000436e        0x2 ff
 .text._ZN11ArduinoJson8V741PB226detail11parseNumberEPKc
                0x00004370      0x2a0 .pio\build\uno_r4_wifi\src\main.cpp.o
                0x00004370                ArduinoJson::V741PB22::detail::parseNumber(char const*)
 .text._ZN12HttpResponseC2EiRKN7arduino6StringES3_S3_
                0x00004610       0x28 .pio\build\uno_r4_wifi\src\main.cpp.o
                0x00004610                HttpResponse::HttpResponse(int, arduino::String const&, arduino::String const&, arduino::String const&)
                0x00004610                HttpResponse::HttpResponse(int, arduino::String const&, arduino::String const&, arduino::String const&)
 .text._ZNK12HttpResponse8toStringEv
                0x00004638       0xd8 .pio\build\uno_r4_wifi\src\main.cpp.o
                0x00004638                HttpResponse::toString() const
 .text._Z15printWiFiStatusv
                0x00004710       0x60 .pio\build\uno_r4_wifi\src\main.cpp.o
                0x00004710                printWiFiStatus()
 .text._ZN12HttpResponseD2Ev
                0x00004770       0x1c .pio\build\uno_r4_wifi\src\main.cpp.o
                0x00004770                HttpResponse::~HttpResponse()
                0x00004770                HttpResponse::~HttpResponse()
 .text._ZN11ArduinoJson8V741PB226detail14MemoryPoolListINS1_15ResourceManager8SlotDataEE5clearEPNS0_9AllocatorE
                0x0000478c       0x58 .pio\build\uno_r4_wifi\src\main.cpp.o
                0x0000478c                ArduinoJson::V741PB22::detail::MemoryPoolList<ArduinoJson::V741PB22::detail::ResourceManager::SlotData>::clear(ArduinoJson::V741PB22::Allocator*)
 .text._ZN11ArduinoJson8V741PB226detail15ResourceManagerD2Ev
                0x000047e4       0x24 .pio\build\uno_r4_wifi\src\main.cpp.o
                0x000047e4                ArduinoJson::V741PB22::detail::ResourceManager::~ResourceManager()
                0x000047e4                ArduinoJson::V741PB22::detail::ResourceManager::~ResourceManager()
 .text._ZN11ArduinoJson8V741PB226detail15ResourceManager5clearEv
                0x00004808       0x24 .pio\build\uno_r4_wifi\src\main.cpp.o
                0x00004808                ArduinoJson::V741PB22::detail::ResourceManager::clear()
 .text._ZN11ArduinoJson8V741PB226detail11VariantData13setTinyStringINS1_9RamStringEEEvRKT_
                0x0000482c       0x22 .pio\build\uno_r4_wifi\src\main.cpp.o
                0x0000482c                void ArduinoJson::V741PB22::detail::VariantData::setTinyString<ArduinoJson::V741PB22::detail::RamString>(ArduinoJson::V741PB22::detail::RamString const&)
 .text._ZN11ArduinoJson8V741PB226detail14MemoryPoolListINS1_15ResourceManager8SlotDataEE17allocFromLastPoolEv
                0x0000484e       0x3a .pio\build\uno_r4_wifi\src\main.cpp.o
                0x0000484e                ArduinoJson::V741PB22::detail::MemoryPoolList<ArduinoJson::V741PB22::detail::ResourceManager::SlotData>::allocFromLastPool()
 .text._ZN11ArduinoJson8V741PB226detail14MemoryPoolListINS1_15ResourceManager8SlotDataEE9allocSlotEPNS0_9AllocatorE
                0x00004888       0xe2 .pio\build\uno_r4_wifi\src\main.cpp.o
                0x00004888                ArduinoJson::V741PB22::detail::MemoryPoolList<ArduinoJson::V741PB22::detail::ResourceManager::SlotData>::allocSlot(ArduinoJson::V741PB22::Allocator*)
 .text._ZN11ArduinoJson8V741PB226detail15ResourceManager12allocVariantEv
                0x0000496a       0x32 .pio\build\uno_r4_wifi\src\main.cpp.o
                0x0000496a                ArduinoJson::V741PB22::detail::ResourceManager::allocVariant()
 .text._ZN11ArduinoJson8V741PB226detail15ResourceManager14allocExtensionEv
                0x0000499c       0x30 .pio\build\uno_r4_wifi\src\main.cpp.o
                0x0000499c                ArduinoJson::V741PB22::detail::ResourceManager::allocExtension()
 .text._ZNK11ArduinoJson8V741PB226detail14VariantRefBaseINS0_11JsonVariantEE5doSetINS0_9ConverterIyvEEyEEbRKT0_NS1_17integral_constantIbLb1EEE.isra.120
                0x000049cc       0x4a .pio\build\uno_r4_wifi\src\main.cpp.o
 .text._ZNK11ArduinoJson8V741PB226detail14VariantRefBaseINS0_11JsonVariantEE5doSetINS0_9ConverterIxvEExEEbRKT0_NS1_17integral_constantIbLb1EEE.isra.130
                0x00004a16       0x52 .pio\build\uno_r4_wifi\src\main.cpp.o
 .text._ZNK11ArduinoJson8V741PB226detail10StringPool3getINS1_9RamStringEEEPNS1_10StringNodeERKT_
                0x00004a68       0x28 .pio\build\uno_r4_wifi\src\main.cpp.o
                0x00004a68                ArduinoJson::V741PB22::detail::StringNode* ArduinoJson::V741PB22::detail::StringPool::get<ArduinoJson::V741PB22::detail::RamString>(ArduinoJson::V741PB22::detail::RamString const&) const
 .text._ZN11ArduinoJson8V741PB226detail13StringBuilder4saveEPNS1_11VariantDataE
                0x00004a90       0x8a .pio\build\uno_r4_wifi\src\main.cpp.o
                0x00004a90                ArduinoJson::V741PB22::detail::StringBuilder::save(ArduinoJson::V741PB22::detail::VariantData*)
 .text._ZNK11ArduinoJson8V741PB226detail10ObjectData9getMemberINS1_9RamStringEEEPNS1_11VariantDataET_PKNS1_15ResourceManagerE
                0x00004b1a       0x9e .pio\build\uno_r4_wifi\src\main.cpp.o
                0x00004b1a                ArduinoJson::V741PB22::detail::VariantData* ArduinoJson::V741PB22::detail::ObjectData::getMember<ArduinoJson::V741PB22::detail::RamString>(ArduinoJson::V741PB22::detail::RamString, ArduinoJson::V741PB22::detail::ResourceManager const*) const
 .text._ZNK11ArduinoJson8V741PB2212JsonDocument11containsKeyIKcEEbPT_
                0x00004bb8       0x4a .pio\build\uno_r4_wifi\src\main.cpp.o
                0x00004bb8                bool ArduinoJson::V741PB22::JsonDocument::containsKey<char const>(char const*) const
 .text._ZN11ArduinoJson8V741PB226detail10StringPool3addINS1_9RamStringEEEPNS1_10StringNodeET_PNS0_9AllocatorE
                0x00004c02       0x4c .pio\build\uno_r4_wifi\src\main.cpp.o
                0x00004c02                ArduinoJson::V741PB22::detail::StringNode* ArduinoJson::V741PB22::detail::StringPool::add<ArduinoJson::V741PB22::detail::RamString>(ArduinoJson::V741PB22::detail::RamString, ArduinoJson::V741PB22::Allocator*)
 .text._ZN11ArduinoJson8V741PB226detail11VariantData9setStringINS1_9RamStringEEEbT_PNS1_15ResourceManagerE
                0x00004c4e       0x84 .pio\build\uno_r4_wifi\src\main.cpp.o
                0x00004c4e                bool ArduinoJson::V741PB22::detail::VariantData::setString<ArduinoJson::V741PB22::detail::RamString>(ArduinoJson::V741PB22::detail::RamString, ArduinoJson::V741PB22::detail::ResourceManager*)
 .text._ZN11ArduinoJson8V741PB226detail14VisitorAdapterINS1_17JsonVariantCopierEE5visitINS0_10JsonStringEEEbRKT_.isra.100
                0x00004cd2       0x48 .pio\build\uno_r4_wifi\src\main.cpp.o
 .text._ZNK11ArduinoJson8V741PB226detail11VariantData6acceptINS1_14VisitorAdapterINS1_17JsonVariantCopierEEEEENT_11result_typeERS7_PKNS1_15ResourceManagerE
                0x00004d1a      0x1e6 .pio\build\uno_r4_wifi\src\main.cpp.o
                0x00004d1a                ArduinoJson::V741PB22::detail::VisitorAdapter<ArduinoJson::V741PB22::detail::JsonVariantCopier>::result_type ArduinoJson::V741PB22::detail::VariantData::accept<ArduinoJson::V741PB22::detail::VisitorAdapter<ArduinoJson::V741PB22::detail::JsonVariantCopier> >(ArduinoJson::V741PB22::detail::VisitorAdapter<ArduinoJson::V741PB22::detail::JsonVariantCopier>&, ArduinoJson::V741PB22::detail::ResourceManager const*) const
 .text._ZN11ArduinoJson8V741PB2210JsonObject3setENS0_15JsonObjectConstE
                0x00004f00      0x1d0 .pio\build\uno_r4_wifi\src\main.cpp.o
                0x00004f00                ArduinoJson::V741PB22::JsonObject::set(ArduinoJson::V741PB22::JsonObjectConst)
 .text._ZN11ArduinoJson8V741PB226detail14VisitorAdapterINS1_17JsonVariantCopierEE5visitERKNS1_10ObjectDataE
                0x000050d0       0x5e .pio\build\uno_r4_wifi\src\main.cpp.o
                0x000050d0                ArduinoJson::V741PB22::detail::VisitorAdapter<ArduinoJson::V741PB22::detail::JsonVariantCopier>::visit(ArduinoJson::V741PB22::detail::ObjectData const&)
 .text._ZNK11ArduinoJson8V741PB226detail14VariantRefBaseINS0_11JsonVariantEE5doSetINS0_9ConverterINS0_16JsonVariantConstEvEES7_EEbRKT0_NS1_17integral_constantIbLb0EEE.isra.139
                0x0000512e       0x38 .pio\build\uno_r4_wifi\src\main.cpp.o
 .text._ZNK11ArduinoJson8V741PB229JsonArray3setENS0_14JsonArrayConstE
                0x00005166       0xba .pio\build\uno_r4_wifi\src\main.cpp.o
                0x00005166                ArduinoJson::V741PB22::JsonArray::set(ArduinoJson::V741PB22::JsonArrayConst) const
 .text._ZN11ArduinoJson8V741PB226detail11parseNumberIiEET_PKc
                0x00005220       0xc4 .pio\build\uno_r4_wifi\src\main.cpp.o
                0x00005220                int ArduinoJson::V741PB22::detail::parseNumber<int>(char const*)
 *fill*         0x000052e4        0x4 ff
 .text._ZNK11ArduinoJson8V741PB226detail11VariantData10asIntegralIiEET_PKNS1_15ResourceManagerE
                0x000052e8      0x104 .pio\build\uno_r4_wifi\src\main.cpp.o
                0x000052e8                int ArduinoJson::V741PB22::detail::VariantData::asIntegral<int>(ArduinoJson::V741PB22::detail::ResourceManager const*) const
 .text._ZNK11ArduinoJson8V741PB226detail14VariantRefBaseINS1_11MemberProxyIRNS0_12JsonDocumentENS1_9RamStringEEEE2asIiEET_v
                0x000053ec       0x54 .pio\build\uno_r4_wifi\src\main.cpp.o
                0x000053ec                int ArduinoJson::V741PB22::detail::VariantRefBase<ArduinoJson::V741PB22::detail::MemberProxy<ArduinoJson::V741PB22::JsonDocument&, ArduinoJson::V741PB22::detail::RamString> >::as<int>() const
 .text._Z7respondR11HttpRequestR10WiFiClient
                0x00005440      0x2a0 .pio\build\uno_r4_wifi\src\main.cpp.o
                0x00005440                respond(HttpRequest&, WiFiClient&)
 .text._ZN11ArduinoJson8V741PB226detail16JsonDeserializerINS1_6ReaderIN7arduino6StringEvEEE7currentEv
                0x000056e0       0x26 .pio\build\uno_r4_wifi\src\main.cpp.o
                0x000056e0                ArduinoJson::V741PB22::detail::JsonDeserializer<ArduinoJson::V741PB22::detail::Reader<arduino::String, void> >::current()
 .text._ZN11ArduinoJson8V741PB226detail16JsonDeserializerINS1_6ReaderIN7arduino6StringEvEEE21skipSpacesAndCommentsEv
                0x00005706       0x36 .pio\build\uno_r4_wifi\src\main.cpp.o
                0x00005706                ArduinoJson::V741PB22::detail::JsonDeserializer<ArduinoJson::V741PB22::detail::Reader<arduino::String, void> >::skipSpacesAndComments()
 .text._ZN11ArduinoJson8V741PB226detail16JsonDeserializerINS1_6ReaderIN7arduino6StringEvEEE11skipKeywordEPKc
                0x0000573c       0x2a .pio\build\uno_r4_wifi\src\main.cpp.o
                0x0000573c                ArduinoJson::V741PB22::detail::JsonDeserializer<ArduinoJson::V741PB22::detail::Reader<arduino::String, void> >::skipKeyword(char const*)
 .text._ZN11ArduinoJson8V741PB226detail16JsonDeserializerINS1_6ReaderIN7arduino6StringEvEEE17parseNumericValueERNS1_11VariantDataE
                0x00005766      0x12e .pio\build\uno_r4_wifi\src\main.cpp.o
                0x00005766                ArduinoJson::V741PB22::detail::JsonDeserializer<ArduinoJson::V741PB22::detail::Reader<arduino::String, void> >::parseNumericValue(ArduinoJson::V741PB22::detail::VariantData&)
 .text._ZN11ArduinoJson8V741PB226detail16JsonDeserializerINS1_6ReaderIN7arduino6StringEvEEE3eatEc
                0x00005894       0x18 .pio\build\uno_r4_wifi\src\main.cpp.o
                0x00005894                ArduinoJson::V741PB22::detail::JsonDeserializer<ArduinoJson::V741PB22::detail::Reader<arduino::String, void> >::eat(char)
 .text._ZN11ArduinoJson8V741PB226detail4Utf815encodeCodepointINS1_13StringBuilderEEEvmRT_
                0x000058ac       0x8a .pio\build\uno_r4_wifi\src\main.cpp.o
                0x000058ac                void ArduinoJson::V741PB22::detail::Utf8::encodeCodepoint<ArduinoJson::V741PB22::detail::StringBuilder>(unsigned long, ArduinoJson::V741PB22::detail::StringBuilder&)
 *fill*         0x00005936        0x2 ff
 .text._ZN11ArduinoJson8V741PB226detail16JsonDeserializerINS1_6ReaderIN7arduino6StringEvEEE17parseQuotedStringEv
                0x00005938       0xf4 .pio\build\uno_r4_wifi\src\main.cpp.o
                0x00005938                ArduinoJson::V741PB22::detail::JsonDeserializer<ArduinoJson::V741PB22::detail::Reader<arduino::String, void> >::parseQuotedString()
 .text._ZN11ArduinoJson8V741PB226detail16JsonDeserializerINS1_6ReaderIN7arduino6StringEvEEE22canBeInNonQuotedStringEc
                0x00005a2c       0x26 .pio\build\uno_r4_wifi\src\main.cpp.o
                0x00005a2c                ArduinoJson::V741PB22::detail::JsonDeserializer<ArduinoJson::V741PB22::detail::Reader<arduino::String, void> >::canBeInNonQuotedString(char)
 .text._ZN11ArduinoJson8V741PB226detail16JsonDeserializerINS1_6ReaderIN7arduino6StringEvEEE8parseKeyEv
                0x00005a52       0x58 .pio\build\uno_r4_wifi\src\main.cpp.o
                0x00005a52                ArduinoJson::V741PB22::detail::JsonDeserializer<ArduinoJson::V741PB22::detail::Reader<arduino::String, void> >::parseKey()
 .text._ZN11ArduinoJson8V741PB226detail16JsonDeserializerINS1_6ReaderIN7arduino6StringEvEEE11parseObjectINS1_14AllowAllFilterEEENS0_20DeserializationError4CodeERNS1_10ObjectDataET_NS0_21DeserializationOption12NestingLimitE
                0x00005aaa      0x124 .pio\build\uno_r4_wifi\src\main.cpp.o
                0x00005aaa                ArduinoJson::V741PB22::DeserializationError::Code ArduinoJson::V741PB22::detail::JsonDeserializer<ArduinoJson::V741PB22::detail::Reader<arduino::String, void> >::parseObject<ArduinoJson::V741PB22::detail::AllowAllFilter>(ArduinoJson::V741PB22::detail::ObjectData&, ArduinoJson::V741PB22::detail::AllowAllFilter, ArduinoJson::V741PB22::DeserializationOption::NestingLimit)
 *fill*         0x00005bce        0x2 ff
 .text._ZN11ArduinoJson8V741PB226detail16JsonDeserializerINS1_6ReaderIN7arduino6StringEvEEE12parseVariantINS1_14AllowAllFilterEEENS0_20DeserializationError4CodeERNS1_11VariantDataET_NS0_21DeserializationOption12NestingLimitE
                0x00005bd0       0xc0 .pio\build\uno_r4_wifi\src\main.cpp.o
                0x00005bd0                ArduinoJson::V741PB22::DeserializationError::Code ArduinoJson::V741PB22::detail::JsonDeserializer<ArduinoJson::V741PB22::detail::Reader<arduino::String, void> >::parseVariant<ArduinoJson::V741PB22::detail::AllowAllFilter>(ArduinoJson::V741PB22::detail::VariantData&, ArduinoJson::V741PB22::detail::AllowAllFilter, ArduinoJson::V741PB22::DeserializationOption::NestingLimit)
 .text._ZN11ArduinoJson8V741PB226detail16JsonDeserializerINS1_6ReaderIN7arduino6StringEvEEE10parseArrayINS1_14AllowAllFilterEEENS0_20DeserializationError4CodeERNS1_9ArrayDataET_NS0_21DeserializationOption12NestingLimitE
                0x00005c90       0xa0 .pio\build\uno_r4_wifi\src\main.cpp.o
                0x00005c90                ArduinoJson::V741PB22::DeserializationError::Code ArduinoJson::V741PB22::detail::JsonDeserializer<ArduinoJson::V741PB22::detail::Reader<arduino::String, void> >::parseArray<ArduinoJson::V741PB22::detail::AllowAllFilter>(ArduinoJson::V741PB22::detail::ArrayData&, ArduinoJson::V741PB22::detail::AllowAllFilter, ArduinoJson::V741PB22::DeserializationOption::NestingLimit)
 .text._ZN11ArduinoJson8V741PB226detail11deserializeINS1_16JsonDeserializerERNS0_18StaticJsonDocumentILj512EEERN7arduino6StringEJELi0EEENS0_20DeserializationErrorEOT0_OT1_DpT2_
                0x00005d30       0x64 .pio\build\uno_r4_wifi\src\main.cpp.o
                0x00005d30                ArduinoJson::V741PB22::DeserializationError ArduinoJson::V741PB22::detail::deserialize<ArduinoJson::V741PB22::detail::JsonDeserializer, ArduinoJson::V741PB22::StaticJsonDocument<512u>&, arduino::String&, , 0>(ArduinoJson::V741PB22::StaticJsonDocument<512u>&, arduino::String&)
 .text._ZN11HttpRequest5parseERKN7arduino6StringE
                0x00005d94      0x220 .pio\build\uno_r4_wifi\src\main.cpp.o
                0x00005d94                HttpRequest::parse(arduino::String const&)
 .text.startup._GLOBAL__sub_I_gps
                0x00005fb4       0x68 .pio\build\uno_r4_wifi\src\main.cpp.o
 .text.setup    0x0000601c      0x100 .pio\build\uno_r4_wifi\src\main.cpp.o
                0x0000601c                setup
 .text.loop     0x0000611c      0x21c .pio\build\uno_r4_wifi\src\main.cpp.o
                0x0000611c                loop
 .text.exit._GLOBAL__sub_D_gps
                0x00006338       0x38 .pio\build\uno_r4_wifi\src\main.cpp.o
 .text._ZL17servo_timer_startv
                0x00006370       0x28 .pio\build\uno_r4_wifi\libd33\libServo.a(Servo.cpp.o)
 .text._Z20servo_timer_callbackP22st_timer_callback_args
                0x00006398       0xe8 .pio\build\uno_r4_wifi\libd33\libServo.a(Servo.cpp.o)
                0x00006398                servo_timer_callback(st_timer_callback_args*)
 .text._ZN5ServoC2Ev
                0x00006480        0x6 .pio\build\uno_r4_wifi\libd33\libServo.a(Servo.cpp.o)
                0x00006480                Servo::Servo()
                0x00006480                Servo::Servo()
 *fill*         0x00006486        0x2 ff
 .text._ZN5Servo17writeMicrosecondsEi
                0x00006488       0x58 .pio\build\uno_r4_wifi\libd33\libServo.a(Servo.cpp.o)
                0x00006488                Servo::writeMicroseconds(int)
 .text._ZN5Servo6attachEiii
                0x000064e0      0x160 .pio\build\uno_r4_wifi\libd33\libServo.a(Servo.cpp.o)
                0x000064e0                Servo::attach(int, int, int)
 .text._ZN5Servo6attachEi
                0x00006640        0xc .pio\build\uno_r4_wifi\libd33\libServo.a(Servo.cpp.o)
                0x00006640                Servo::attach(int)
 .text._ZN5Servo5writeEi
                0x0000664c       0x44 .pio\build\uno_r4_wifi\libd33\libServo.a(Servo.cpp.o)
                0x0000664c                Servo::write(int)
 .text.startup._GLOBAL__sub_I__Z20servo_timer_callbackP22st_timer_callback_args
                0x00006690        0xc .pio\build\uno_r4_wifi\libd33\libServo.a(Servo.cpp.o)
 .text.exit._GLOBAL__sub_D__Z20servo_timer_callbackP22st_timer_callback_args
                0x0000669c        0xc .pio\build\uno_r4_wifi\libd33\libServo.a(Servo.cpp.o)
 .text._ZN11TinyGPSPlusC2Ev
                0x000066a8       0xa6 .pio\build\uno_r4_wifi\liba26\libTinyGPSPlus.a(TinyGPS++.cpp.o)
                0x000066a8                TinyGPSPlus::TinyGPSPlus()
                0x000066a8                TinyGPSPlus::TinyGPSPlus()
 *fill*         0x0000674e        0x2 ff
 .text._ZNSt7__cxx1112basic_stringIcSt11char_traitsIcESaIcEE9_M_createERjj.isra.24
                0x00006750       0x34 .pio\build\uno_r4_wifi\lib8ed\libWiFiS3.a(WiFi.cpp.o)
 .text._ZN5CWifiC2Ev
                0x00006784       0x68 .pio\build\uno_r4_wifi\lib8ed\libWiFiS3.a(WiFi.cpp.o)
                0x00006784                CWifi::CWifi()
                0x00006784                CWifi::CWifi()
 .text._ZN7arduino9IPAddressC2ERKS0_
                0x000067ec       0x24 .pio\build\uno_r4_wifi\lib8ed\libWiFiS3.a(WiFi.cpp.o)
                0x000067ec                arduino::IPAddress::IPAddress(arduino::IPAddress const&)
                0x000067ec                arduino::IPAddress::IPAddress(arduino::IPAddress const&)
 .text._ZNSt7__cxx1112basic_stringIcSt11char_traitsIcESaIcEE10_M_disposeEv
                0x00006810       0x10 .pio\build\uno_r4_wifi\lib8ed\libWiFiS3.a(WiFi.cpp.o)
                0x00006810                std::__cxx11::basic_string<char, std::char_traits<char>, std::allocator<char> >::_M_dispose()
 .text._ZNSt7__cxx1112basic_stringIcSt11char_traitsIcESaIcEEC2EOS4_
                0x00006820       0x3a .pio\build\uno_r4_wifi\lib8ed\libWiFiS3.a(WiFi.cpp.o)
                0x00006820                std::__cxx11::basic_string<char, std::char_traits<char>, std::allocator<char> >::basic_string(std::__cxx11::basic_string<char, std::char_traits<char>, std::allocator<char> >&&)
                0x00006820                std::__cxx11::basic_string<char, std::char_traits<char>, std::allocator<char> >::basic_string(std::__cxx11::basic_string<char, std::char_traits<char>, std::allocator<char> >&&)
 .text._ZNSt7__cxx1112basic_stringIcSt11char_traitsIcESaIcEE7_S_copyEPcPKcj
                0x0000685a       0x1a .pio\build\uno_r4_wifi\lib8ed\libWiFiS3.a(WiFi.cpp.o)
                0x0000685a                std::__cxx11::basic_string<char, std::char_traits<char>, std::allocator<char> >::_S_copy(char*, char const*, unsigned int)
 .text._ZNSt7__cxx1112basic_stringIcSt11char_traitsIcESaIcEE9_M_appendEPKcj
                0x00006874       0x7e .pio\build\uno_r4_wifi\lib8ed\libWiFiS3.a(WiFi.cpp.o)
                0x00006874                std::__cxx11::basic_string<char, std::char_traits<char>, std::allocator<char> >::_M_append(char const*, unsigned int)
 .text._ZNSt7__cxx1112basic_stringIcSt11char_traitsIcESaIcEEpLERKS4_
                0x000068f2        0xc .pio\build\uno_r4_wifi\lib8ed\libWiFiS3.a(WiFi.cpp.o)
                0x000068f2                std::__cxx11::basic_string<char, std::char_traits<char>, std::allocator<char> >::operator+=(std::__cxx11::basic_string<char, std::char_traits<char>, std::allocator<char> > const&)
 *fill*         0x000068fe        0x2 ff
 .text._ZNSt7__cxx1112basic_stringIcSt11char_traitsIcESaIcEE6appendEPKc
                0x00006900       0x30 .pio\build\uno_r4_wifi\lib8ed\libWiFiS3.a(WiFi.cpp.o)
                0x00006900                std::__cxx11::basic_string<char, std::char_traits<char>, std::allocator<char> >::append(char const*)
 .text._ZNSt7__cxx1112basic_stringIcSt11char_traitsIcESaIcEE9_M_assignERKS4_
                0x00006930       0x4e .pio\build\uno_r4_wifi\lib8ed\libWiFiS3.a(WiFi.cpp.o)
                0x00006930                std::__cxx11::basic_string<char, std::char_traits<char>, std::allocator<char> >::_M_assign(std::__cxx11::basic_string<char, std::char_traits<char>, std::allocator<char> > const&)
 .text._ZN9__gnu_cxx12__to_xstringINSt7__cxx1112basic_stringIcSt11char_traitsIcESaIcEEEcEET_PFiPT0_jPKS8_St9__va_listEjSB_z
                0x0000697e       0x68 .pio\build\uno_r4_wifi\lib8ed\libWiFiS3.a(WiFi.cpp.o)
                0x0000697e                std::__cxx11::basic_string<char, std::char_traits<char>, std::allocator<char> > __gnu_cxx::__to_xstring<std::__cxx11::basic_string<char, std::char_traits<char>, std::allocator<char> >, char>(int (*)(char*, unsigned int, char const*, std::__va_list), unsigned int, char const*, ...)
 *fill*         0x000069e6        0x2 ff
 .text._ZNSt7__cxx119to_stringEi
                0x000069e8       0x20 .pio\build\uno_r4_wifi\lib8ed\libWiFiS3.a(WiFi.cpp.o)
                0x000069e8                std::__cxx11::to_string(int)
 .text._ZNSt7__cxx1112basic_stringIcSt11char_traitsIcESaIcEE12_M_constructIPKcEEvT_S8_St20forward_iterator_tag.isra.25
                0x00006a08       0x44 .pio\build\uno_r4_wifi\lib8ed\libWiFiS3.a(WiFi.cpp.o)
 .text._ZNSt7__cxx1112basic_stringIcSt11char_traitsIcESaIcEEC2EPKcRKS3_.constprop.34
                0x00006a4c       0x28 .pio\build\uno_r4_wifi\lib8ed\libWiFiS3.a(WiFi.cpp.o)
 .text._ZN5CWifi7_configEN7arduino9IPAddressES1_S1_S1_S1_
                0x00006a74      0x468 .pio\build\uno_r4_wifi\lib8ed\libWiFiS3.a(WiFi.cpp.o)
                0x00006a74                CWifi::_config(arduino::IPAddress, arduino::IPAddress, arduino::IPAddress, arduino::IPAddress, arduino::IPAddress)
 .text._ZN5CWifi6configEN7arduino9IPAddressE
                0x00006edc       0x92 .pio\build\uno_r4_wifi\lib8ed\libWiFiS3.a(WiFi.cpp.o)
                0x00006edc                CWifi::config(arduino::IPAddress)
 *fill*         0x00006f6e        0x2 ff
 .text._ZN5CWifi4SSIDEv
                0x00006f70       0xd8 .pio\build\uno_r4_wifi\lib8ed\libWiFiS3.a(WiFi.cpp.o)
                0x00006f70                CWifi::SSID()
 .text._ZN5CWifi6statusEv
                0x00007048       0x60 .pio\build\uno_r4_wifi\lib8ed\libWiFiS3.a(WiFi.cpp.o)
                0x00007048                CWifi::status()
 .text._ZN5CWifi7localIPEv
                0x000070a8       0xd8 .pio\build\uno_r4_wifi\lib8ed\libWiFiS3.a(WiFi.cpp.o)
                0x000070a8                CWifi::localIP()
 .text._ZN5CWifi7beginAPEPKcS1_h
                0x00007180       0xa4 .pio\build\uno_r4_wifi\lib8ed\libWiFiS3.a(WiFi.cpp.o)
                0x00007180                CWifi::beginAP(char const*, char const*, unsigned char)
 .text._ZN5CWifi7beginAPEPKcS1_
                0x00007224        0x6 .pio\build\uno_r4_wifi\lib8ed\libWiFiS3.a(WiFi.cpp.o)
                0x00007224                CWifi::beginAP(char const*, char const*)
 *fill*         0x0000722a        0x2 ff
 .text._ZN5CWifi15firmwareVersionEv
                0x0000722c       0x7c .pio\build\uno_r4_wifi\lib8ed\libWiFiS3.a(WiFi.cpp.o)
                0x0000722c                CWifi::firmwareVersion()
 .text.startup._GLOBAL__sub_I__ZN5CWifiC2Ev
                0x000072a8        0xc .pio\build\uno_r4_wifi\lib8ed\libWiFiS3.a(WiFi.cpp.o)
 .text.exit._GLOBAL__sub_D__ZN5CWifiC2Ev
                0x000072b4       0x1c .pio\build\uno_r4_wifi\lib8ed\libWiFiS3.a(WiFi.cpp.o)
 .text._ZN7arduino5Print17availableForWriteEv
                0x000072d0        0x4 .pio\build\uno_r4_wifi\lib8ed\libWiFiS3.a(WiFiClient.cpp.o)
                0x000072d0                arduino::Print::availableForWrite()
 .text._ZN10WiFiClientcvbEv
                0x000072d4        0xa .pio\build\uno_r4_wifi\lib8ed\libWiFiS3.a(WiFiClient.cpp.o)
                0x000072d4                WiFiClient::operator bool()
 .text._ZN10WiFiClientneERKS_
                0x000072de       0x10 .pio\build\uno_r4_wifi\lib8ed\libWiFiS3.a(WiFiClient.cpp.o)
                0x000072de                WiFiClient::operator!=(WiFiClient const&)
 .text._ZN10WiFiClient5writeEh
                0x000072ee       0x16 .pio\build\uno_r4_wifi\lib8ed\libWiFiS3.a(WiFiClient.cpp.o)
                0x000072ee                WiFiClient::write(unsigned char)
 .text._ZN10WiFiClient4readEv
                0x00007304       0x20 .pio\build\uno_r4_wifi\lib8ed\libWiFiS3.a(WiFiClient.cpp.o)
                0x00007304                WiFiClient::read()
 .text._ZN10WiFiClienteqERKS_
                0x00007324        0xc .pio\build\uno_r4_wifi\lib8ed\libWiFiS3.a(WiFiClient.cpp.o)
                0x00007324                WiFiClient::operator==(WiFiClient const&)
 .text._ZNSt15_Sp_counted_ptrIPN7arduino10FifoBufferIhLm1024EEELN9__gnu_cxx12_Lock_policyE0EED2Ev
                0x00007330        0x2 .pio\build\uno_r4_wifi\lib8ed\libWiFiS3.a(WiFiClient.cpp.o)
                0x00007330                std::_Sp_counted_ptr<arduino::FifoBuffer<unsigned char, 1024ul>*, (__gnu_cxx::_Lock_policy)0>::~_Sp_counted_ptr()
                0x00007330                std::_Sp_counted_ptr<arduino::FifoBuffer<unsigned char, 1024ul>*, (__gnu_cxx::_Lock_policy)0>::~_Sp_counted_ptr()
 .text._ZNSt15_Sp_counted_ptrIPN7arduino10FifoBufferIhLm1024EEELN9__gnu_cxx12_Lock_policyE0EE14_M_get_deleterERKSt9type_info
                0x00007332        0x4 .pio\build\uno_r4_wifi\lib8ed\libWiFiS3.a(WiFiClient.cpp.o)
                0x00007332                std::_Sp_counted_ptr<arduino::FifoBuffer<unsigned char, 1024ul>*, (__gnu_cxx::_Lock_policy)0>::_M_get_deleter(std::type_info const&)
 .text._ZNSt15_Sp_counted_ptrIPN7arduino10FifoBufferIhLm1024EEELN9__gnu_cxx12_Lock_policyE0EE10_M_disposeEv
                0x00007336        0xa .pio\build\uno_r4_wifi\lib8ed\libWiFiS3.a(WiFiClient.cpp.o)
                0x00007336                std::_Sp_counted_ptr<arduino::FifoBuffer<unsigned char, 1024ul>*, (__gnu_cxx::_Lock_policy)0>::_M_dispose()
 .text._ZNSt15_Sp_counted_ptrIPN7arduino10FifoBufferIhLm1024EEELN9__gnu_cxx12_Lock_policyE0EED0Ev
                0x00007340        0xe .pio\build\uno_r4_wifi\lib8ed\libWiFiS3.a(WiFiClient.cpp.o)
                0x00007340                std::_Sp_counted_ptr<arduino::FifoBuffer<unsigned char, 1024ul>*, (__gnu_cxx::_Lock_policy)0>::~_Sp_counted_ptr()
 .text._ZNSt15_Sp_counted_ptrIPN7arduino10FifoBufferIhLm1024EEELN9__gnu_cxx12_Lock_policyE0EE10_M_destroyEv
                0x0000734e        0x8 .pio\build\uno_r4_wifi\lib8ed\libWiFiS3.a(WiFiClient.cpp.o)
                0x0000734e                std::_Sp_counted_ptr<arduino::FifoBuffer<unsigned char, 1024ul>*, (__gnu_cxx::_Lock_policy)0>::_M_destroy()
 .text._ZN10WiFiClient7connectEN7arduino9IPAddressEt
                0x00007356       0x26 .pio\build\uno_r4_wifi\lib8ed\libWiFiS3.a(WiFiClient.cpp.o)
                0x00007356                WiFiClient::connect(arduino::IPAddress, unsigned short)
 .text._ZNSt16_Sp_counted_baseILN9__gnu_cxx12_Lock_policyE0EE10_M_releaseEv.part.6
                0x0000737c       0x20 .pio\build\uno_r4_wifi\lib8ed\libWiFiS3.a(WiFiClient.cpp.o)
 .text._ZNSt7__cxx1112basic_stringIcSt11char_traitsIcESaIcEEC2EPKcRKS3_.constprop.43
                0x0000739c       0x54 .pio\build\uno_r4_wifi\lib8ed\libWiFiS3.a(WiFiClient.cpp.o)
 .text._ZN7__GuardD2Ev
                0x000073f0        0xc .pio\build\uno_r4_wifi\lib8ed\libWiFiS3.a(WiFiClient.cpp.o)
                0x000073f0                __Guard::~__Guard()
                0x000073f0                __Guard::~__Guard()
 .text._ZN7arduino10FifoBufferIhLm1024EE9availableEv.isra.7
                0x000073fc       0x2c .pio\build\uno_r4_wifi\lib8ed\libWiFiS3.a(WiFiClient.cpp.o)
 .text._ZN7arduino10FifoBufferIhLm1024EE9nextIndexEm.isra.14
                0x00007428       0x2e .pio\build\uno_r4_wifi\lib8ed\libWiFiS3.a(WiFiClient.cpp.o)
 *fill*         0x00007456        0x2 ff
 .text._ZN10WiFiClientC2ERKS_
                0x00007458       0x30 .pio\build\uno_r4_wifi\lib8ed\libWiFiS3.a(WiFiClient.cpp.o)
                0x00007458                WiFiClient::WiFiClient(WiFiClient const&)
                0x00007458                WiFiClient::WiFiClient(WiFiClient const&)
 .text._ZNSt14__shared_countILN9__gnu_cxx12_Lock_policyE0EED2Ev
                0x00007488       0x18 .pio\build\uno_r4_wifi\lib8ed\libWiFiS3.a(WiFiClient.cpp.o)
                0x00007488                std::__shared_count<(__gnu_cxx::_Lock_policy)0>::~__shared_count()
                0x00007488                std::__shared_count<(__gnu_cxx::_Lock_policy)0>::~__shared_count()
 .text._ZN10WiFiClientD2Ev
                0x000074a0       0x18 .pio\build\uno_r4_wifi\lib8ed\libWiFiS3.a(WiFiClient.cpp.o)
                0x000074a0                WiFiClient::~WiFiClient()
                0x000074a0                WiFiClient::~WiFiClient()
 .text._ZN10WiFiClient9getSocketEv
                0x000074b8       0x80 .pio\build\uno_r4_wifi\lib8ed\libWiFiS3.a(WiFiClient.cpp.o)
                0x000074b8                WiFiClient::getSocket()
 .text._ZN10WiFiClient7connectEPKct
                0x00007538       0xb0 .pio\build\uno_r4_wifi\lib8ed\libWiFiS3.a(WiFiClient.cpp.o)
                0x00007538                WiFiClient::connect(char const*, unsigned short)
 .text._ZN10WiFiClient5writeEPKhj
                0x000075e8       0x80 .pio\build\uno_r4_wifi\lib8ed\libWiFiS3.a(WiFiClient.cpp.o)
                0x000075e8                WiFiClient::write(unsigned char const*, unsigned int)
 .text._ZN10WiFiClient9availableEv
                0x00007668       0x98 .pio\build\uno_r4_wifi\lib8ed\libWiFiS3.a(WiFiClient.cpp.o)
                0x00007668                WiFiClient::available()
 .text._ZN10WiFiClient5_readEv
                0x00007700      0x138 .pio\build\uno_r4_wifi\lib8ed\libWiFiS3.a(WiFiClient.cpp.o)
                0x00007700                WiFiClient::_read()
 .text._ZN10WiFiClient14read_if_neededEj
                0x00007838       0x22 .pio\build\uno_r4_wifi\lib8ed\libWiFiS3.a(WiFiClient.cpp.o)
                0x00007838                WiFiClient::read_if_needed(unsigned int)
 .text._ZN10WiFiClient4readEPhj
                0x0000785a       0x88 .pio\build\uno_r4_wifi\lib8ed\libWiFiS3.a(WiFiClient.cpp.o)
                0x0000785a                WiFiClient::read(unsigned char*, unsigned int)
 .text._ZN10WiFiClient4peekEv
                0x000078e2       0x2c .pio\build\uno_r4_wifi\lib8ed\libWiFiS3.a(WiFiClient.cpp.o)
                0x000078e2                WiFiClient::peek()
 *fill*         0x0000790e        0x2 ff
 .text._ZN10WiFiClient5flushEv
                0x00007910       0x60 .pio\build\uno_r4_wifi\lib8ed\libWiFiS3.a(WiFiClient.cpp.o)
                0x00007910                WiFiClient::flush()
 .text._ZN10WiFiClient4stopEv
                0x00007970       0x78 .pio\build\uno_r4_wifi\lib8ed\libWiFiS3.a(WiFiClient.cpp.o)
                0x00007970                WiFiClient::stop()
 .text._ZN10WiFiClient9connectedEv
                0x000079e8       0x80 .pio\build\uno_r4_wifi\lib8ed\libWiFiS3.a(WiFiClient.cpp.o)
                0x000079e8                WiFiClient::connected()
 .text._ZN10WiFiClient8remoteIPEv
                0x00007a68       0xa8 .pio\build\uno_r4_wifi\lib8ed\libWiFiS3.a(WiFiClient.cpp.o)
                0x00007a68                WiFiClient::remoteIP()
 .text._ZN10WiFiClient10remotePortEv
                0x00007b10       0x74 .pio\build\uno_r4_wifi\lib8ed\libWiFiS3.a(WiFiClient.cpp.o)
                0x00007b10                WiFiClient::remotePort()
 .text._ZNSt12__shared_ptrIN7arduino10FifoBufferIhLm1024EEELN9__gnu_cxx12_Lock_policyE0EEaSEOS5_
                0x00007b84       0x28 .pio\build\uno_r4_wifi\lib8ed\libWiFiS3.a(WiFiClient.cpp.o)
                0x00007b84                std::__shared_ptr<arduino::FifoBuffer<unsigned char, 1024ul>, (__gnu_cxx::_Lock_policy)0>::operator=(std::__shared_ptr<arduino::FifoBuffer<unsigned char, 1024ul>, (__gnu_cxx::_Lock_policy)0>&&)
 .text._ZN10WiFiClientC2Ev
                0x00007bac       0x74 .pio\build\uno_r4_wifi\lib8ed\libWiFiS3.a(WiFiClient.cpp.o)
                0x00007bac                WiFiClient::WiFiClient()
                0x00007bac                WiFiClient::WiFiClient()
 .text._ZN10WiFiClientC2Ei
                0x00007c20       0x70 .pio\build\uno_r4_wifi\lib8ed\libWiFiS3.a(WiFiClient.cpp.o)
                0x00007c20                WiFiClient::WiFiClient(int)
                0x00007c20                WiFiClient::WiFiClient(int)
 .text._ZN7arduino5Print5flushEv
                0x00007c90        0x2 .pio\build\uno_r4_wifi\lib8ed\libWiFiS3.a(WiFiServer.cpp.o)
                0x00007c90                arduino::Print::flush()
 .text._ZN10WiFiServerneERKS_
                0x00007c92       0x10 .pio\build\uno_r4_wifi\lib8ed\libWiFiS3.a(WiFiServer.cpp.o)
                0x00007c92                WiFiServer::operator!=(WiFiServer const&)
 .text._ZN10WiFiServer5writeEh
                0x00007ca2       0x16 .pio\build\uno_r4_wifi\lib8ed\libWiFiS3.a(WiFiServer.cpp.o)
                0x00007ca2                WiFiServer::write(unsigned char)
 .text._ZN10WiFiServereqERKS_
                0x00007cb8        0xc .pio\build\uno_r4_wifi\lib8ed\libWiFiS3.a(WiFiServer.cpp.o)
                0x00007cb8                WiFiServer::operator==(WiFiServer const&)
 .text._ZN10WiFiServerC2Ei
                0x00007cc4       0x24 .pio\build\uno_r4_wifi\lib8ed\libWiFiS3.a(WiFiServer.cpp.o)
                0x00007cc4                WiFiServer::WiFiServer(int)
                0x00007cc4                WiFiServer::WiFiServer(int)
 .text._ZNSt7__cxx1112basic_stringIcSt11char_traitsIcESaIcEEC2EPKcRKS3_
                0x00007ce8       0x54 .pio\build\uno_r4_wifi\lib8ed\libWiFiS3.a(WiFiServer.cpp.o)
                0x00007ce8                std::__cxx11::basic_string<char, std::char_traits<char>, std::allocator<char> >::basic_string(char const*, std::allocator<char> const&)
                0x00007ce8                std::__cxx11::basic_string<char, std::char_traits<char>, std::allocator<char> >::basic_string(char const*, std::allocator<char> const&)
 .text._ZN10WiFiServer9availableEv
                0x00007d3c       0xf4 .pio\build\uno_r4_wifi\lib8ed\libWiFiS3.a(WiFiServer.cpp.o)
                0x00007d3c                WiFiServer::available()
 .text._ZN10WiFiServer5beginEi
                0x00007e30       0x70 .pio\build\uno_r4_wifi\lib8ed\libWiFiS3.a(WiFiServer.cpp.o)
                0x00007e30                WiFiServer::begin(int)
 .text._ZN10WiFiServer5beginEv
                0x00007ea0        0x6 .pio\build\uno_r4_wifi\lib8ed\libWiFiS3.a(WiFiServer.cpp.o)
                0x00007ea0                WiFiServer::begin()
 *fill*         0x00007ea6        0x2 ff
 .text._ZN10WiFiServer5writeEPKhj
                0x00007ea8       0x84 .pio\build\uno_r4_wifi\lib8ed\libWiFiS3.a(WiFiServer.cpp.o)
                0x00007ea8                WiFiServer::write(unsigned char const*, unsigned int)
 .text._ZNSt7__cxx1112basic_stringIcSt11char_traitsIcESaIcEE9_M_createERjj.isra.21
                0x00007f2c       0x34 .pio\build\uno_r4_wifi\lib8ed\libWiFiS3.a(Modem.cpp.o)
 .text._ZN10ModemClassD2Ev
                0x00007f60       0x18 .pio\build\uno_r4_wifi\lib8ed\libWiFiS3.a(Modem.cpp.o)
                0x00007f60                ModemClass::~ModemClass()
                0x00007f60                ModemClass::~ModemClass()
 .text._ZN10ModemClass12write_nowaitERKNSt7__cxx1112basic_stringIcSt11char_traitsIcESaIcEEERS5_PKcz
                0x00007f78       0x6c .pio\build\uno_r4_wifi\lib8ed\libWiFiS3.a(Modem.cpp.o)
                0x00007f78                ModemClass::write_nowait(std::__cxx11::basic_string<char, std::char_traits<char>, std::allocator<char> > const&, std::__cxx11::basic_string<char, std::char_traits<char>, std::allocator<char> >&, char const*, ...)
 .text._ZNKSt7__cxx1112basic_stringIcSt11char_traitsIcESaIcEE7compareEPKc
                0x00007fe4       0x28 .pio\build\uno_r4_wifi\lib8ed\libWiFiS3.a(Modem.cpp.o)
                0x00007fe4                std::__cxx11::basic_string<char, std::char_traits<char>, std::allocator<char> >::compare(char const*) const
 .text._ZNSt7__cxx1112basic_stringIcSt11char_traitsIcESaIcEE9_M_mutateEjjPKcj
                0x0000800c       0x7e .pio\build\uno_r4_wifi\lib8ed\libWiFiS3.a(Modem.cpp.o)
                0x0000800c                std::__cxx11::basic_string<char, std::char_traits<char>, std::allocator<char> >::_M_mutate(unsigned int, unsigned int, char const*, unsigned int)
 .text._ZNSt7__cxx1112basic_stringIcSt11char_traitsIcESaIcEE9push_backEc
                0x0000808a       0x3e .pio\build\uno_r4_wifi\lib8ed\libWiFiS3.a(Modem.cpp.o)
                0x0000808a                std::__cxx11::basic_string<char, std::char_traits<char>, std::allocator<char> >::push_back(char)
 .text._ZNSt7__cxx1112basic_stringIcSt11char_traitsIcESaIcEE7_S_moveEPcPKcj
                0x000080c8       0x1a .pio\build\uno_r4_wifi\lib8ed\libWiFiS3.a(Modem.cpp.o)
                0x000080c8                std::__cxx11::basic_string<char, std::char_traits<char>, std::allocator<char> >::_S_move(char*, char const*, unsigned int)
 *fill*         0x000080e2        0x2 ff
 .text._ZNSt7__cxx1112basic_stringIcSt11char_traitsIcESaIcEE10_M_replaceEjjPKcj
                0x000080e4       0xfc .pio\build\uno_r4_wifi\lib8ed\libWiFiS3.a(Modem.cpp.o)
                0x000080e4                std::__cxx11::basic_string<char, std::char_traits<char>, std::allocator<char> >::_M_replace(unsigned int, unsigned int, char const*, unsigned int)
 .text._ZNSt7__cxx1112basic_stringIcSt11char_traitsIcESaIcEEaSEPKc
                0x000081e0       0x1e .pio\build\uno_r4_wifi\lib8ed\libWiFiS3.a(Modem.cpp.o)
                0x000081e0                std::__cxx11::basic_string<char, std::char_traits<char>, std::allocator<char> >::operator=(char const*)
 *fill*         0x000081fe        0x2 ff
 .text._ZN10ModemClass8buf_readERKNSt7__cxx1112basic_stringIcSt11char_traitsIcESaIcEEERS5_
                0x00008200      0x338 .pio\build\uno_r4_wifi\lib8ed\libWiFiS3.a(Modem.cpp.o)
                0x00008200                ModemClass::buf_read(std::__cxx11::basic_string<char, std::char_traits<char>, std::allocator<char> > const&, std::__cxx11::basic_string<char, std::char_traits<char>, std::allocator<char> >&)
 .text._ZN10ModemClass11passthroughEPKhj
                0x00008538       0xa0 .pio\build\uno_r4_wifi\lib8ed\libWiFiS3.a(Modem.cpp.o)
                0x00008538                ModemClass::passthrough(unsigned char const*, unsigned int)
 .text._ZN10ModemClass5writeERKNSt7__cxx1112basic_stringIcSt11char_traitsIcESaIcEEERS5_PKcz
                0x000085d8       0xdc .pio\build\uno_r4_wifi\lib8ed\libWiFiS3.a(Modem.cpp.o)
                0x000085d8                ModemClass::write(std::__cxx11::basic_string<char, std::char_traits<char>, std::allocator<char> > const&, std::__cxx11::basic_string<char, std::char_traits<char>, std::allocator<char> >&, char const*, ...)
 .text._ZN10ModemClass5beginEii
                0x000086b4       0x94 .pio\build\uno_r4_wifi\lib8ed\libWiFiS3.a(Modem.cpp.o)
                0x000086b4                ModemClass::begin(int, int)
 .text.startup._GLOBAL__sub_I__ZN10ModemClassC2Eii
                0x00008748       0x28 .pio\build\uno_r4_wifi\lib8ed\libWiFiS3.a(Modem.cpp.o)
 .text.exit._GLOBAL__sub_D__ZN10ModemClassC2Eii
                0x00008770        0xc .pio\build\uno_r4_wifi\lib8ed\libWiFiS3.a(Modem.cpp.o)
 .text._ZN14SoftwareSerial9availableEv
                0x0000877c        0x6 .pio\build\uno_r4_wifi\lib4e1\libSoftwareSerial.a(SoftwareSerial.cpp.o)
                0x0000877c                SoftwareSerial::available()
 .text._ZN14SoftwareSerial4readEv
                0x00008782       0x54 .pio\build\uno_r4_wifi\lib4e1\libSoftwareSerial.a(SoftwareSerial.cpp.o)
                0x00008782                SoftwareSerial::read()
 *fill*         0x000087d6        0x2 ff
 .text._ZNK14SoftwareSerial7printToERN7arduino5PrintE
                0x000087d8       0x5c .pio\build\uno_r4_wifi\lib4e1\libSoftwareSerial.a(SoftwareSerial.cpp.o)
                0x000087d8                SoftwareSerial::printTo(arduino::Print&) const
 .text._ZThn16_NK14SoftwareSerial7printToERN7arduino5PrintE
                0x00008834        0x8 .pio\build\uno_r4_wifi\lib4e1\libSoftwareSerial.a(SoftwareSerial.cpp.o)
                0x00008834                non-virtual thunk to SoftwareSerial::printTo(arduino::Print&) const
 .text._ZN14SoftwareSerial5writeEh
                0x0000883c       0xa8 .pio\build\uno_r4_wifi\lib4e1\libSoftwareSerial.a(SoftwareSerial.cpp.o)
                0x0000883c                SoftwareSerial::write(unsigned char)
 .text._ZN14SoftwareSerial4peekEv
                0x000088e4       0x30 .pio\build\uno_r4_wifi\lib4e1\libSoftwareSerial.a(SoftwareSerial.cpp.o)
                0x000088e4                SoftwareSerial::peek()
 .text._ZN14SoftwareSerialC2Ehhj
                0x00008914       0xc4 .pio\build\uno_r4_wifi\lib4e1\libSoftwareSerial.a(SoftwareSerial.cpp.o)
                0x00008914                SoftwareSerial::SoftwareSerial(unsigned char, unsigned char, unsigned int)
                0x00008914                SoftwareSerial::SoftwareSerial(unsigned char, unsigned char, unsigned int)
 .text._ZNSt10unique_ptrIA_hSt14default_deleteIS0_EED2Ev
                0x000089d8       0x10 .pio\build\uno_r4_wifi\lib4e1\libSoftwareSerial.a(SoftwareSerial.cpp.o)
                0x000089d8                std::unique_ptr<unsigned char [], std::default_delete<unsigned char []> >::~unique_ptr()
                0x000089d8                std::unique_ptr<unsigned char [], std::default_delete<unsigned char []> >::~unique_ptr()
 .text._ZN14SoftwareSerialD2Ev
                0x000089e8       0x38 .pio\build\uno_r4_wifi\lib4e1\libSoftwareSerial.a(SoftwareSerial.cpp.o)
                0x000089e8                SoftwareSerial::~SoftwareSerial()
                0x000089e8                SoftwareSerial::~SoftwareSerial()
 .text._ZN14SoftwareSerialD0Ev
                0x00008a20       0x16 .pio\build\uno_r4_wifi\lib4e1\libSoftwareSerial.a(SoftwareSerial.cpp.o)
                0x00008a20                SoftwareSerial::~SoftwareSerial()
 .text.startup.main
                0x00008a36        0xa .pio\build\uno_r4_wifi\libFrameworkArduinoVariant.a(main.c.o)
                0x00008a36                main
 .text.PINCOUNT_fn
                0x00008a40        0x4 .pio\build\uno_r4_wifi\libFrameworkArduinoVariant.a(variant.cpp.o)
                0x00008a40                PINCOUNT_fn
 .text._Z17__maybe_start_usbv
                0x00008a44        0x2 .pio\build\uno_r4_wifi\libFrameworkArduinoVariant.a(variant.cpp.o)
                0x00008a44                __maybe_start_usb()
 *fill*         0x00008a46        0x2 ff
 .text.initVariant
                0x00008a48       0x9c .pio\build\uno_r4_wifi\libFrameworkArduinoVariant.a(variant.cpp.o)
                0x00008a48                initVariant
 .text.R_FSP_SystemClockHzGet
                0x00008ae4       0x24 .pio\build\uno_r4_wifi\libFrameworkArduino.a(FspTimer.cpp.o)
 .text._ZN8FspTimer17set_period_countsEhfm.part.2
                0x00008b08      0x158 .pio\build\uno_r4_wifi\libFrameworkArduino.a(FspTimer.cpp.o)
 .text._ZN8FspTimerC2Ev
                0x00008c60       0x18 .pio\build\uno_r4_wifi\libFrameworkArduino.a(FspTimer.cpp.o)
                0x00008c60                FspTimer::FspTimer()
                0x00008c60                FspTimer::FspTimer()
 .text._ZN8FspTimer5beginE12e_timer_modehhmm18e_timer_source_divPFvP22st_timer_callback_argsEPv
                0x00008c78      0x16c .pio\build\uno_r4_wifi\libFrameworkArduino.a(FspTimer.cpp.o)
                0x00008c78                FspTimer::begin(e_timer_mode, unsigned char, unsigned char, unsigned long, unsigned long, e_timer_source_div, void (*)(st_timer_callback_args*), void*)
 .text._ZN8FspTimer19get_available_timerERhb
                0x00008de4       0x74 .pio\build\uno_r4_wifi\libFrameworkArduino.a(FspTimer.cpp.o)
                0x00008de4                FspTimer::get_available_timer(unsigned char&, bool)
 .text._ZN8FspTimer17set_period_countsEhfm
                0x00008e58       0xd8 .pio\build\uno_r4_wifi\libFrameworkArduino.a(FspTimer.cpp.o)
                0x00008e58                FspTimer::set_period_counts(unsigned char, float, unsigned long)
 .text._ZN8FspTimer5beginE12e_timer_modehhffPFvP22st_timer_callback_argsEPv
                0x00008f30       0xb8 .pio\build\uno_r4_wifi\libFrameworkArduino.a(FspTimer.cpp.o)
                0x00008f30                FspTimer::begin(e_timer_mode, unsigned char, unsigned char, float, float, void (*)(st_timer_callback_args*), void*)
 .text._ZN8FspTimer18enable_pwm_channelE17TimerPWMChannel_t
                0x00008fe8       0x36 .pio\build\uno_r4_wifi\libFrameworkArduino.a(FspTimer.cpp.o)
                0x00008fe8                FspTimer::enable_pwm_channel(TimerPWMChannel_t)
 .text._ZN8FspTimer14get_period_rawEv
                0x0000901e       0x2c .pio\build\uno_r4_wifi\libFrameworkArduino.a(FspTimer.cpp.o)
                0x0000901e                FspTimer::get_period_raw()
 .text._ZN8FspTimer20add_pwm_extended_cfgEv
                0x0000904a       0x38 .pio\build\uno_r4_wifi\libFrameworkArduino.a(FspTimer.cpp.o)
                0x0000904a                FspTimer::add_pwm_extended_cfg()
 .text._ZN8FspTimer10set_periodEm
                0x00009082       0x3e .pio\build\uno_r4_wifi\libFrameworkArduino.a(FspTimer.cpp.o)
                0x00009082                FspTimer::set_period(unsigned long)
 .text._ZN8FspTimer17set_period_bufferEb
                0x000090c0       0x58 .pio\build\uno_r4_wifi\libFrameworkArduino.a(FspTimer.cpp.o)
                0x000090c0                FspTimer::set_period_buffer(bool)
 .text._ZN8FspTimer4openEv
                0x00009118       0x4e .pio\build\uno_r4_wifi\libFrameworkArduino.a(FspTimer.cpp.o)
                0x00009118                FspTimer::open()
 .text._ZN8FspTimer4stopEv
                0x00009166       0x2e .pio\build\uno_r4_wifi\libFrameworkArduino.a(FspTimer.cpp.o)
                0x00009166                FspTimer::stop()
 .text._ZN8FspTimer5resetEv
                0x00009194       0x2e .pio\build\uno_r4_wifi\libFrameworkArduino.a(FspTimer.cpp.o)
                0x00009194                FspTimer::reset()
 .text._ZN8FspTimer5startEv
                0x000091c2       0x2e .pio\build\uno_r4_wifi\libFrameworkArduino.a(FspTimer.cpp.o)
                0x000091c2                FspTimer::start()
 .text._ZN8FspTimer9begin_pwmEhh17TimerPWMChannel_t
                0x000091f0       0x60 .pio\build\uno_r4_wifi\libFrameworkArduino.a(FspTimer.cpp.o)
                0x000091f0                FspTimer::begin_pwm(unsigned char, unsigned char, TimerPWMChannel_t)
 .text._ZN8FspTimer14set_duty_cycleEm17TimerPWMChannel_t
                0x00009250       0x3c .pio\build\uno_r4_wifi\libFrameworkArduino.a(FspTimer.cpp.o)
                0x00009250                FspTimer::set_duty_cycle(unsigned long, TimerPWMChannel_t)
 .text._ZN8FspTimer5closeEv
                0x0000928c       0x2e .pio\build\uno_r4_wifi\libFrameworkArduino.a(FspTimer.cpp.o)
                0x0000928c                FspTimer::close()
 *fill*         0x000092ba        0x2 ff
 .text._ZN8FspTimer3endEv
                0x000092bc       0x48 .pio\build\uno_r4_wifi\libFrameworkArduino.a(FspTimer.cpp.o)
                0x000092bc                FspTimer::end()
 .text._ZN8FspTimerD2Ev
                0x00009304        0xc .pio\build\uno_r4_wifi\libFrameworkArduino.a(FspTimer.cpp.o)
                0x00009304                FspTimer::~FspTimer()
                0x00009304                FspTimer::~FspTimer()
 .text._ZN8FspTimer15get_cfg_for_irqEv
                0x00009310       0x14 .pio\build\uno_r4_wifi\libFrameworkArduino.a(FspTimer.cpp.o)
                0x00009310                FspTimer::get_cfg_for_irq()
 .text._ZN8FspTimer9is_openedEv
                0x00009324       0x18 .pio\build\uno_r4_wifi\libFrameworkArduino.a(FspTimer.cpp.o)
                0x00009324                FspTimer::is_opened()
 .text._ZN8FspTimer18setup_overflow_irqEhPFvvE
                0x0000933c       0x4e .pio\build\uno_r4_wifi\libFrameworkArduino.a(FspTimer.cpp.o)
                0x0000933c                FspTimer::setup_overflow_irq(unsigned char, void (*)())
 *fill*         0x0000938a        0x2 ff
 .text.__NVIC_SetPriority
                0x0000938c       0x28 .pio\build\uno_r4_wifi\libFrameworkArduino.a(IRQManager.cpp.o)
 .text.R_BSP_IrqEnable
                0x000093b4       0x34 .pio\build\uno_r4_wifi\libFrameworkArduino.a(IRQManager.cpp.o)
 .text.R_BSP_IrqDisable
                0x000093e8       0x24 .pio\build\uno_r4_wifi\libFrameworkArduino.a(IRQManager.cpp.o)
 .text.__tcf_0  0x0000940c        0x2 .pio\build\uno_r4_wifi\libFrameworkArduino.a(IRQManager.cpp.o)
 *fill*         0x0000940e        0x2 ff
 .text._ZN10IRQManager11getInstanceEv
                0x00009410       0x38 .pio\build\uno_r4_wifi\libFrameworkArduino.a(IRQManager.cpp.o)
                0x00009410                IRQManager::getInstance()
 .text._ZN10IRQManager18set_ext_link_eventEii
                0x00009448       0xc8 .pio\build\uno_r4_wifi\libFrameworkArduino.a(IRQManager.cpp.o)
                0x00009448                IRQManager::set_ext_link_event(int, int)
 .text._ZN10IRQManager23set_gpt_over_link_eventEii
                0x00009510       0x70 .pio\build\uno_r4_wifi\libFrameworkArduino.a(IRQManager.cpp.o)
                0x00009510                IRQManager::set_gpt_over_link_event(int, int)
 .text._ZN10IRQManager18set_agt_link_eventEii
                0x00009580       0x28 .pio\build\uno_r4_wifi\libFrameworkArduino.a(IRQManager.cpp.o)
                0x00009580                IRQManager::set_agt_link_event(int, int)
 .text._ZN10IRQManager16addTimerOverflowER5timerPFvvE
                0x000095a8       0x80 .pio\build\uno_r4_wifi\libFrameworkArduino.a(IRQManager.cpp.o)
                0x000095a8                IRQManager::addTimerOverflow(timer&, void (*)())
 .text._ZN10IRQManager21set_iic_tx_link_eventEii
                0x00009628       0x20 .pio\build\uno_r4_wifi\libFrameworkArduino.a(IRQManager.cpp.o)
                0x00009628                IRQManager::set_iic_tx_link_event(int, int)
 .text._ZN10IRQManager21set_iic_rx_link_eventEii
                0x00009648       0x20 .pio\build\uno_r4_wifi\libFrameworkArduino.a(IRQManager.cpp.o)
                0x00009648                IRQManager::set_iic_rx_link_event(int, int)
 .text._ZN10IRQManager22set_iic_tei_link_eventEii
                0x00009668       0x20 .pio\build\uno_r4_wifi\libFrameworkArduino.a(IRQManager.cpp.o)
                0x00009668                IRQManager::set_iic_tei_link_event(int, int)
 .text._ZN10IRQManager22set_iic_eri_link_eventEii
                0x00009688       0x20 .pio\build\uno_r4_wifi\libFrameworkArduino.a(IRQManager.cpp.o)
                0x00009688                IRQManager::set_iic_eri_link_event(int, int)
 .text._ZN10IRQManager21set_sci_tx_link_eventEii
                0x000096a8       0x38 .pio\build\uno_r4_wifi\libFrameworkArduino.a(IRQManager.cpp.o)
                0x000096a8                IRQManager::set_sci_tx_link_event(int, int)
 .text._ZN10IRQManager21set_sci_rx_link_eventEii
                0x000096e0       0x38 .pio\build\uno_r4_wifi\libFrameworkArduino.a(IRQManager.cpp.o)
                0x000096e0                IRQManager::set_sci_rx_link_event(int, int)
 .text._ZN10IRQManager22set_sci_tei_link_eventEii
                0x00009718       0x38 .pio\build\uno_r4_wifi\libFrameworkArduino.a(IRQManager.cpp.o)
                0x00009718                IRQManager::set_sci_tei_link_event(int, int)
 .text._ZN10IRQManager22set_sci_eri_link_eventEii
                0x00009750       0x38 .pio\build\uno_r4_wifi\libFrameworkArduino.a(IRQManager.cpp.o)
                0x00009750                IRQManager::set_sci_eri_link_event(int, int)
 .text._ZN10IRQManager21set_spi_tx_link_eventEii
                0x00009788       0x20 .pio\build\uno_r4_wifi\libFrameworkArduino.a(IRQManager.cpp.o)
                0x00009788                IRQManager::set_spi_tx_link_event(int, int)
 .text._ZN10IRQManager21set_spi_rx_link_eventEii
                0x000097a8       0x20 .pio\build\uno_r4_wifi\libFrameworkArduino.a(IRQManager.cpp.o)
                0x000097a8                IRQManager::set_spi_rx_link_event(int, int)
 .text._ZN10IRQManager22set_spi_tei_link_eventEii
                0x000097c8       0x20 .pio\build\uno_r4_wifi\libFrameworkArduino.a(IRQManager.cpp.o)
                0x000097c8                IRQManager::set_spi_tei_link_event(int, int)
 .text._ZN10IRQManager22set_spi_eri_link_eventEii
                0x000097e8       0x20 .pio\build\uno_r4_wifi\libFrameworkArduino.a(IRQManager.cpp.o)
                0x000097e8                IRQManager::set_spi_eri_link_event(int, int)
 .text._ZN10IRQManager13addPeripheralE12Peripheral_tPv
                0x00009808      0x904 .pio\build\uno_r4_wifi\libFrameworkArduino.a(IRQManager.cpp.o)
                0x00009808                IRQManager::addPeripheral(Peripheral_t, void*)
 .text.startup._GLOBAL__sub_I__Z21digitalPinToInterrupth
                0x0000a10c       0x14 .pio\build\uno_r4_wifi\libFrameworkArduino.a(Interrupts.cpp.o)
 .text.exit._GLOBAL__sub_D__Z21digitalPinToInterrupth
                0x0000a120       0x24 .pio\build\uno_r4_wifi\libFrameworkArduino.a(Interrupts.cpp.o)
 .text._ZN4UARTcvbEv
                0x0000a144        0x4 .pio\build\uno_r4_wifi\libFrameworkArduino.a(Serial.cpp.o)
                0x0000a144                UART::operator bool()
 .text._ZN4UART5beginEm
                0x0000a148        0xa .pio\build\uno_r4_wifi\libFrameworkArduino.a(Serial.cpp.o)
                0x0000a148                UART::begin(unsigned long)
 .text._ZN4UART5flushEv
                0x0000a152        0xa .pio\build\uno_r4_wifi\libFrameworkArduino.a(Serial.cpp.o)
                0x0000a152                UART::flush()
 .text._ZN4UART4peekEv
                0x0000a15c       0x18 .pio\build\uno_r4_wifi\libFrameworkArduino.a(Serial.cpp.o)
                0x0000a15c                UART::peek()
 .text._ZN4UART5writeEh
                0x0000a174       0x34 .pio\build\uno_r4_wifi\libFrameworkArduino.a(Serial.cpp.o)
                0x0000a174                UART::write(unsigned char)
 .text._ZN4UART3endEv
                0x0000a1a8       0x22 .pio\build\uno_r4_wifi\libFrameworkArduino.a(Serial.cpp.o)
                0x0000a1a8                UART::end()
 .text._ZN4UART9availableEv
                0x0000a1ca       0x32 .pio\build\uno_r4_wifi\libFrameworkArduino.a(Serial.cpp.o)
                0x0000a1ca                UART::available()
 .text._ZN4UART15WrapperCallbackEP20st_uart_callback_arg
                0x0000a1fc       0x90 .pio\build\uno_r4_wifi\libFrameworkArduino.a(Serial.cpp.o)
                0x0000a1fc                UART::WrapperCallback(st_uart_callback_arg*)
 .text._ZN4UART4readEv
                0x0000a28c       0x5c .pio\build\uno_r4_wifi\libFrameworkArduino.a(Serial.cpp.o)
                0x0000a28c                UART::read()
 .text._ZN4UARTC2Eiiii
                0x0000a2e8       0x78 .pio\build\uno_r4_wifi\libFrameworkArduino.a(Serial.cpp.o)
                0x0000a2e8                UART::UART(int, int, int, int)
                0x0000a2e8                UART::UART(int, int, int, int)
 .text._ZN4UART13setUpUartIrqsER11st_uart_cfg
                0x0000a360       0x14 .pio\build\uno_r4_wifi\libFrameworkArduino.a(Serial.cpp.o)
                0x0000a360                UART::setUpUartIrqs(st_uart_cfg&)
 .text._ZN4UART5writeEPhj
                0x0000a374       0x2e .pio\build\uno_r4_wifi\libFrameworkArduino.a(Serial.cpp.o)
                0x0000a374                UART::write(unsigned char*, unsigned int)
 *fill*         0x0000a3a2        0x2 ff
 .text._ZN4UART8cfg_pinsEi
                0x0000a3a4       0xe8 .pio\build\uno_r4_wifi\libFrameworkArduino.a(Serial.cpp.o)
                0x0000a3a4                UART::cfg_pins(int)
 .text._ZN4UART5beginEmt
                0x0000a48c      0x1a8 .pio\build\uno_r4_wifi\libFrameworkArduino.a(Serial.cpp.o)
                0x0000a48c                UART::begin(unsigned long, unsigned short)
 .text._ZN4UART9write_rawEPhj
                0x0000a634       0x1e .pio\build\uno_r4_wifi\libFrameworkArduino.a(Serial.cpp.o)
                0x0000a634                UART::write_raw(unsigned char*, unsigned int)
 *fill*         0x0000a652        0x2 ff
 .text.startup._GLOBAL__sub_I__UART1_
                0x0000a654       0x1c .pio\build\uno_r4_wifi\libFrameworkArduino.a(SerialObj1.cpp.o)
 .text.startup._GLOBAL__sub_I__UART3_
                0x0000a670       0x1c .pio\build\uno_r4_wifi\libFrameworkArduino.a(SerialObj3.cpp.o)
 .text._ZL13readAllGroupAP13ADC_Container
                0x0000a68c       0x2c .pio\build\uno_r4_wifi\libFrameworkArduino.a(analog.cpp.o)
 .text._ZL11ADC_irq_cbkP20st_adc_callback_args
                0x0000a6b8       0x58 .pio\build\uno_r4_wifi\libFrameworkArduino.a(analog.cpp.o)
 .text._ZL10adcConvertP13ADC_Containert
                0x0000a710       0xa4 .pio\build\uno_r4_wifi\libFrameworkArduino.a(analog.cpp.o)
 .text._ZL21get_ADC_container_ptrlRt.constprop.4
                0x0000a7b4       0x38 .pio\build\uno_r4_wifi\libFrameworkArduino.a(analog.cpp.o)
 .text._ZN13ADC_ContainerC2EhPFvP20st_adc_callback_argsEPv
                0x0000a7ec       0x6e .pio\build\uno_r4_wifi\libFrameworkArduino.a(analog.cpp.o)
                0x0000a7ec                ADC_Container::ADC_Container(unsigned char, void (*)(st_adc_callback_args*), void*)
                0x0000a7ec                ADC_Container::ADC_Container(unsigned char, void (*)(st_adc_callback_args*), void*)
 .text._ZN13ADC_ContainerD2Ev
                0x0000a85a       0x12 .pio\build\uno_r4_wifi\libFrameworkArduino.a(analog.cpp.o)
                0x0000a85a                ADC_Container::~ADC_Container()
                0x0000a85a                ADC_Container::~ADC_Container()
 .text.analogRead
                0x0000a86c       0x3c .pio\build\uno_r4_wifi\libFrameworkArduino.a(analog.cpp.o)
                0x0000a86c                analogRead
 .text.analogReference
                0x0000a8a8       0x5c .pio\build\uno_r4_wifi\libFrameworkArduino.a(analog.cpp.o)
                0x0000a8a8                analogReference
 *fill*         0x0000a904        0x4 ff
 .text._Z15analogReferencev
                0x0000a908      0x10c .pio\build\uno_r4_wifi\libFrameworkArduino.a(analog.cpp.o)
                0x0000a908                analogReference()
 .text._Z21analogWriteResolutionv
                0x0000aa14        0xc .pio\build\uno_r4_wifi\libFrameworkArduino.a(analog.cpp.o)
                0x0000aa14                analogWriteResolution()
 .text.analogWrite
                0x0000aa20      0x120 .pio\build\uno_r4_wifi\libFrameworkArduino.a(analog.cpp.o)
                0x0000aa20                analogWrite
 .text._Z23__get_timer_for_channeli
                0x0000ab40       0x2c .pio\build\uno_r4_wifi\libFrameworkArduino.a(analog.cpp.o)
                0x0000ab40                __get_timer_for_channel(int)
 .text.startup._GLOBAL__sub_I__ZN13ADC_ContainerC2EhPFvP20st_adc_callback_argsEPv
                0x0000ab6c       0x4c .pio\build\uno_r4_wifi\libFrameworkArduino.a(analog.cpp.o)
 .text.exit._GLOBAL__sub_D__ZN13ADC_ContainerC2EhPFvP20st_adc_callback_argsEPv
                0x0000abb8       0x1c .pio\build\uno_r4_wifi\libFrameworkArduino.a(analog.cpp.o)
 .text._Z3maplllll
                0x0000abd4       0x14 .pio\build\uno_r4_wifi\libFrameworkArduino.a(Common.cpp.o)
                0x0000abd4                map(long, long, long, long, long)
 .text._ZNK7arduino9IPAddress7printToERNS_5PrintE
                0x0000abe8      0x17c .pio\build\uno_r4_wifi\libFrameworkArduino.a(IPAddress.cpp.o)
                0x0000abe8                arduino::IPAddress::printTo(arduino::Print&) const
 .text._ZN7arduino9IPAddressC2ENS_6IPTypeE
                0x0000ad64       0x1c .pio\build\uno_r4_wifi\libFrameworkArduino.a(IPAddress.cpp.o)
                0x0000ad64                arduino::IPAddress::IPAddress(arduino::IPType)
                0x0000ad64                arduino::IPAddress::IPAddress(arduino::IPType)
 .text._ZN7arduino9IPAddressC2Ev
                0x0000ad80        0xe .pio\build\uno_r4_wifi\libFrameworkArduino.a(IPAddress.cpp.o)
                0x0000ad80                arduino::IPAddress::IPAddress()
                0x0000ad80                arduino::IPAddress::IPAddress()
 *fill*         0x0000ad8e        0x2 ff
 .text._ZN7arduino9IPAddressC2Ehhhh
                0x0000ad90       0x30 .pio\build\uno_r4_wifi\libFrameworkArduino.a(IPAddress.cpp.o)
                0x0000ad90                arduino::IPAddress::IPAddress(unsigned char, unsigned char, unsigned char, unsigned char)
                0x0000ad90                arduino::IPAddress::IPAddress(unsigned char, unsigned char, unsigned char, unsigned char)
 .text._ZNK7arduino9IPAddress9toString4Ev
                0x0000adc0       0x34 .pio\build\uno_r4_wifi\libFrameworkArduino.a(IPAddress.cpp.o)
                0x0000adc0                arduino::IPAddress::toString4() const
 .text._ZNK7arduino9IPAddress9toString6Ev
                0x0000adf4       0x60 .pio\build\uno_r4_wifi\libFrameworkArduino.a(IPAddress.cpp.o)
                0x0000adf4                arduino::IPAddress::toString6() const
 .text._ZNK7arduino9IPAddress8toStringEv
                0x0000ae54       0x16 .pio\build\uno_r4_wifi\libFrameworkArduino.a(IPAddress.cpp.o)
                0x0000ae54                arduino::IPAddress::toString() const
 .text._ZN7arduino9IPAddress11fromString4EPKc
                0x0000ae6a       0x70 .pio\build\uno_r4_wifi\libFrameworkArduino.a(IPAddress.cpp.o)
                0x0000ae6a                arduino::IPAddress::fromString4(char const*)
 .text._ZN7arduino9IPAddress11fromString6EPKc
                0x0000aeda       0xfa .pio\build\uno_r4_wifi\libFrameworkArduino.a(IPAddress.cpp.o)
                0x0000aeda                arduino::IPAddress::fromString6(char const*)
 .text._ZN7arduino9IPAddress10fromStringEPKc
                0x0000afd4       0x1a .pio\build\uno_r4_wifi\libFrameworkArduino.a(IPAddress.cpp.o)
                0x0000afd4                arduino::IPAddress::fromString(char const*)
 .text._ZN7arduino9IPAddressixEi
                0x0000afee        0xe .pio\build\uno_r4_wifi\libFrameworkArduino.a(IPAddress.cpp.o)
                0x0000afee                arduino::IPAddress::operator[](int)
 .text.startup._GLOBAL__sub_I__ZN7arduino9IPAddressC2Ev
                0x0000affc       0x28 .pio\build\uno_r4_wifi\libFrameworkArduino.a(IPAddress.cpp.o)
 .text._ZN7arduino5Print5writeEPKhj
                0x0000b024       0x2c .pio\build\uno_r4_wifi\libFrameworkArduino.a(Print.cpp.o)
                0x0000b024                arduino::Print::write(unsigned char const*, unsigned int)
 .text._ZN7arduino5Print5writeEPKc.part.2
                0x0000b050       0x1e .pio\build\uno_r4_wifi\libFrameworkArduino.a(Print.cpp.o)
 .text._ZN7arduino5Print5writeEPKc
                0x0000b06e        0xa .pio\build\uno_r4_wifi\libFrameworkArduino.a(Print.cpp.o)
                0x0000b06e                arduino::Print::write(char const*)
 .text._ZN7arduino5Print5printEPKNS_19__FlashStringHelperE
                0x0000b078        0x8 .pio\build\uno_r4_wifi\libFrameworkArduino.a(Print.cpp.o)
                0x0000b078                arduino::Print::print(arduino::__FlashStringHelper const*)
 .text._ZN7arduino5Print5printERKNS_6StringE
                0x0000b080        0xa .pio\build\uno_r4_wifi\libFrameworkArduino.a(Print.cpp.o)
                0x0000b080                arduino::Print::print(arduino::String const&)
 .text._ZN7arduino5Print5printEPKc
                0x0000b08a        0x8 .pio\build\uno_r4_wifi\libFrameworkArduino.a(Print.cpp.o)
                0x0000b08a                arduino::Print::print(char const*)
 .text._ZN7arduino5Print5printEc
                0x0000b092        0x8 .pio\build\uno_r4_wifi\libFrameworkArduino.a(Print.cpp.o)
                0x0000b092                arduino::Print::print(char)
 .text._ZN7arduino5Print5printERKNS_9PrintableE
                0x0000b09a        0xc .pio\build\uno_r4_wifi\libFrameworkArduino.a(Print.cpp.o)
                0x0000b09a                arduino::Print::print(arduino::Printable const&)
 *fill*         0x0000b0a6        0x2 ff
 .text._ZN7arduino5Print7printlnEv
                0x0000b0a8        0xc .pio\build\uno_r4_wifi\libFrameworkArduino.a(Print.cpp.o)
                0x0000b0a8                arduino::Print::println()
 .text._ZN7arduino5Print7printlnEPKNS_19__FlashStringHelperE
                0x0000b0b4       0x14 .pio\build\uno_r4_wifi\libFrameworkArduino.a(Print.cpp.o)
                0x0000b0b4                arduino::Print::println(arduino::__FlashStringHelper const*)
 .text._ZN7arduino5Print7printlnERKNS_6StringE
                0x0000b0c8       0x14 .pio\build\uno_r4_wifi\libFrameworkArduino.a(Print.cpp.o)
                0x0000b0c8                arduino::Print::println(arduino::String const&)
 .text._ZN7arduino5Print7printlnEPKc
                0x0000b0dc       0x14 .pio\build\uno_r4_wifi\libFrameworkArduino.a(Print.cpp.o)
                0x0000b0dc                arduino::Print::println(char const*)
 .text._ZN7arduino5Print7printlnERKNS_9PrintableE
                0x0000b0f0       0x14 .pio\build\uno_r4_wifi\libFrameworkArduino.a(Print.cpp.o)
                0x0000b0f0                arduino::Print::println(arduino::Printable const&)
 .text._ZN7arduino5Print11printNumberEmh
                0x0000b104       0x3c .pio\build\uno_r4_wifi\libFrameworkArduino.a(Print.cpp.o)
                0x0000b104                arduino::Print::printNumber(unsigned long, unsigned char)
 .text._ZN7arduino5Print5printEli
                0x0000b140       0x44 .pio\build\uno_r4_wifi\libFrameworkArduino.a(Print.cpp.o)
                0x0000b140                arduino::Print::print(long, int)
 .text._ZN7arduino5Print5printEii
                0x0000b184        0x4 .pio\build\uno_r4_wifi\libFrameworkArduino.a(Print.cpp.o)
                0x0000b184                arduino::Print::print(int, int)
 .text._ZN7arduino5Print7printlnEii
                0x0000b188       0x14 .pio\build\uno_r4_wifi\libFrameworkArduino.a(Print.cpp.o)
                0x0000b188                arduino::Print::println(int, int)
 .text._ZN7arduino5Print5printEmi
                0x0000b19c       0x1a .pio\build\uno_r4_wifi\libFrameworkArduino.a(Print.cpp.o)
                0x0000b19c                arduino::Print::print(unsigned long, int)
 .text._ZN7arduino5Print5printEhi
                0x0000b1b6        0x4 .pio\build\uno_r4_wifi\libFrameworkArduino.a(Print.cpp.o)
                0x0000b1b6                arduino::Print::print(unsigned char, int)
 .text._ZN7arduino5Print5printEji
                0x0000b1ba        0x4 .pio\build\uno_r4_wifi\libFrameworkArduino.a(Print.cpp.o)
                0x0000b1ba                arduino::Print::print(unsigned int, int)
 .text._ZN7arduino6StringD2Ev
                0x0000b1be       0x10 .pio\build\uno_r4_wifi\libFrameworkArduino.a(String.cpp.o)
                0x0000b1be                arduino::String::~String()
                0x0000b1be                arduino::String::~String()
 .text._ZN7arduino6String10invalidateEv
                0x0000b1ce       0x16 .pio\build\uno_r4_wifi\libFrameworkArduino.a(String.cpp.o)
                0x0000b1ce                arduino::String::invalidate()
 .text._ZN7arduino6String12changeBufferEj
                0x0000b1e4       0x18 .pio\build\uno_r4_wifi\libFrameworkArduino.a(String.cpp.o)
                0x0000b1e4                arduino::String::changeBuffer(unsigned int)
 .text._ZN7arduino6String7reserveEj
                0x0000b1fc       0x28 .pio\build\uno_r4_wifi\libFrameworkArduino.a(String.cpp.o)
                0x0000b1fc                arduino::String::reserve(unsigned int)
 .text._ZN7arduino6String4copyEPKcj
                0x0000b224       0x30 .pio\build\uno_r4_wifi\libFrameworkArduino.a(String.cpp.o)
                0x0000b224                arduino::String::copy(char const*, unsigned int)
 .text._ZN7arduino6StringC2EPKc
                0x0000b254       0x24 .pio\build\uno_r4_wifi\libFrameworkArduino.a(String.cpp.o)
                0x0000b254                arduino::String::String(char const*)
                0x0000b254                arduino::String::String(char const*)
 .text._ZN7arduino6StringaSEPKc.part.4
                0x0000b278       0x1a .pio\build\uno_r4_wifi\libFrameworkArduino.a(String.cpp.o)
 .text._ZN7arduino6StringC2Eih
                0x0000b292       0x24 .pio\build\uno_r4_wifi\libFrameworkArduino.a(String.cpp.o)
                0x0000b292                arduino::String::String(int, unsigned char)
                0x0000b292                arduino::String::String(int, unsigned char)
 .text._ZN7arduino6StringC2Ejh
                0x0000b2b6       0x24 .pio\build\uno_r4_wifi\libFrameworkArduino.a(String.cpp.o)
                0x0000b2b6                arduino::String::String(unsigned int, unsigned char)
                0x0000b2b6                arduino::String::String(unsigned int, unsigned char)
 .text._ZN7arduino6String4moveERS0_
                0x0000b2da       0x26 .pio\build\uno_r4_wifi\libFrameworkArduino.a(String.cpp.o)
                0x0000b2da                arduino::String::move(arduino::String&)
 .text._ZN7arduino6StringaSERKS0_
                0x0000b300       0x1e .pio\build\uno_r4_wifi\libFrameworkArduino.a(String.cpp.o)
                0x0000b300                arduino::String::operator=(arduino::String const&)
 .text._ZN7arduino6StringC2ERKS0_
                0x0000b31e       0x14 .pio\build\uno_r4_wifi\libFrameworkArduino.a(String.cpp.o)
                0x0000b31e                arduino::String::String(arduino::String const&)
                0x0000b31e                arduino::String::String(arduino::String const&)
 .text._ZN7arduino6StringaSEOS0_
                0x0000b332        0xc .pio\build\uno_r4_wifi\libFrameworkArduino.a(String.cpp.o)
                0x0000b332                arduino::String::operator=(arduino::String&&)
 .text._ZN7arduino6StringaSEPKc
                0x0000b33e       0x14 .pio\build\uno_r4_wifi\libFrameworkArduino.a(String.cpp.o)
                0x0000b33e                arduino::String::operator=(char const*)
 .text._ZN7arduino6String6concatEPKcj
                0x0000b352       0x42 .pio\build\uno_r4_wifi\libFrameworkArduino.a(String.cpp.o)
                0x0000b352                arduino::String::concat(char const*, unsigned int)
 .text._ZN7arduino6String6concatERKS0_
                0x0000b394        0x8 .pio\build\uno_r4_wifi\libFrameworkArduino.a(String.cpp.o)
                0x0000b394                arduino::String::concat(arduino::String const&)
 .text._ZN7arduino6String6concatEPKc.part.6
                0x0000b39c       0x1a .pio\build\uno_r4_wifi\libFrameworkArduino.a(String.cpp.o)
 .text._ZN7arduino6String6concatEPKc
                0x0000b3b6        0xa .pio\build\uno_r4_wifi\libFrameworkArduino.a(String.cpp.o)
                0x0000b3b6                arduino::String::concat(char const*)
 .text._ZN7arduino6String6concatEc
                0x0000b3c0       0x16 .pio\build\uno_r4_wifi\libFrameworkArduino.a(String.cpp.o)
                0x0000b3c0                arduino::String::concat(char)
 .text._ZN7arduinoplERKNS_15StringSumHelperERKNS_6StringE
                0x0000b3d6       0x18 .pio\build\uno_r4_wifi\libFrameworkArduino.a(String.cpp.o)
                0x0000b3d6                arduino::operator+(arduino::StringSumHelper const&, arduino::String const&)
 .text._ZN7arduinoplERKNS_15StringSumHelperEPKc
                0x0000b3ee       0x1a .pio\build\uno_r4_wifi\libFrameworkArduino.a(String.cpp.o)
                0x0000b3ee                arduino::operator+(arduino::StringSumHelper const&, char const*)
 .text._ZNK7arduino6String9compareToEPKc
                0x0000b408       0x2a .pio\build\uno_r4_wifi\libFrameworkArduino.a(String.cpp.o)
                0x0000b408                arduino::String::compareTo(char const*) const
 .text._ZNK7arduino6String6equalsEPKc
                0x0000b432       0x28 .pio\build\uno_r4_wifi\libFrameworkArduino.a(String.cpp.o)
                0x0000b432                arduino::String::equals(char const*) const
 .text._ZNK7arduino6String7indexOfEcj
                0x0000b45a       0x22 .pio\build\uno_r4_wifi\libFrameworkArduino.a(String.cpp.o)
                0x0000b45a                arduino::String::indexOf(char, unsigned int) const
 .text._ZNK7arduino6String7indexOfEc
                0x0000b47c        0x6 .pio\build\uno_r4_wifi\libFrameworkArduino.a(String.cpp.o)
                0x0000b47c                arduino::String::indexOf(char) const
 .text._ZNK7arduino6String7indexOfERKS0_j
                0x0000b482       0x24 .pio\build\uno_r4_wifi\libFrameworkArduino.a(String.cpp.o)
                0x0000b482                arduino::String::indexOf(arduino::String const&, unsigned int) const
 .text._ZNK7arduino6String7indexOfERKS0_
                0x0000b4a6        0x6 .pio\build\uno_r4_wifi\libFrameworkArduino.a(String.cpp.o)
                0x0000b4a6                arduino::String::indexOf(arduino::String const&) const
 .text._ZNK7arduino6String9substringEjj
                0x0000b4ac       0x40 .pio\build\uno_r4_wifi\libFrameworkArduino.a(String.cpp.o)
                0x0000b4ac                arduino::String::substring(unsigned int, unsigned int) const
 .text._ZNK7arduino6String5toIntEv
                0x0000b4ec        0xa .pio\build\uno_r4_wifi\libFrameworkArduino.a(String.cpp.o)
                0x0000b4ec                arduino::String::toInt() const
 *fill*         0x0000b4f6        0x2 ff
 .text._ZN4CDacC2Eh
                0x0000b4f8       0x6c .pio\build\uno_r4_wifi\libFrameworkArduino.a(dac.cpp.o)
                0x0000b4f8                CDac::CDac(unsigned char)
                0x0000b4f8                CDac::CDac(unsigned char)
 .text._ZN4CDac11analogWriteEi
                0x0000b564       0x88 .pio\build\uno_r4_wifi\libFrameworkArduino.a(dac.cpp.o)
                0x0000b564                CDac::analogWrite(int)
 .text.startup._GLOBAL__sub_I__ZN4CDacC2Eh
                0x0000b5ec        0xc .pio\build\uno_r4_wifi\libFrameworkArduino.a(dac.cpp.o)
 .text.pinMode  0x0000b5f8       0x30 .pio\build\uno_r4_wifi\libFrameworkArduino.a(digital.cpp.o)
                0x0000b5f8                pinMode
 .text.digitalWrite
                0x0000b628       0x18 .pio\build\uno_r4_wifi\libFrameworkArduino.a(digital.cpp.o)
                0x0000b628                digitalWrite
 .text.ltoa     0x0000b640       0x70 .pio\build\uno_r4_wifi\libFrameworkArduino.a(itoa.c.o)
                0x0000b640                ltoa
 .text.itoa     0x0000b6b0        0x4 .pio\build\uno_r4_wifi\libFrameworkArduino.a(itoa.c.o)
                0x0000b6b0                itoa
 .text.ultoa    0x0000b6b4       0x52 .pio\build\uno_r4_wifi\libFrameworkArduino.a(itoa.c.o)
                0x0000b6b4                ultoa
 .text.utoa     0x0000b706        0x4 .pio\build\uno_r4_wifi\libFrameworkArduino.a(itoa.c.o)
                0x0000b706                utoa
 *fill*         0x0000b70a        0x2 ff
 .text.R_BSP_PinAccessEnable
                0x0000b70c       0x2c .pio\build\uno_r4_wifi\libFrameworkArduino.a(main.cpp.o)
 .text.start_freertos_on_header_inclusion
                0x0000b738        0x2 .pio\build\uno_r4_wifi\libFrameworkArduino.a(main.cpp.o)
                0x0000b738                start_freertos_on_header_inclusion
 .text.early_start_freertos_on_header_inclusion
                0x0000b73a        0x2 .pio\build\uno_r4_wifi\libFrameworkArduino.a(main.cpp.o)
                0x0000b73a                early_start_freertos_on_header_inclusion
 .text._Z12arduino_mainv
                0x0000b73c       0x94 .pio\build\uno_r4_wifi\libFrameworkArduino.a(main.cpp.o)
                0x0000b73c                arduino_main()
 .text._write   0x0000b7d0        0xc .pio\build\uno_r4_wifi\libFrameworkArduino.a(main.cpp.o)
                0x0000b7d0                _write
 .text.hal_entry
                0x0000b7dc        0x6 .pio\build\uno_r4_wifi\libFrameworkArduino.a(main.cpp.o)
                0x0000b7dc                hal_entry
 .text.atexit   0x0000b7e2        0x4 .pio\build\uno_r4_wifi\libFrameworkArduino.a(main.cpp.o)
                0x0000b7e2                atexit
 *fill*         0x0000b7e6        0x2 ff
 .text._Z13pinPeripheral19e_bsp_io_port_pin_tm
                0x0000b7e8       0x10 .pio\build\uno_r4_wifi\libFrameworkArduino.a(pinDefinitions.cpp.o)
                0x0000b7e8                pinPeripheral(e_bsp_io_port_pin_t, unsigned long)
 .text._ZN6PwmOutC2Ei
                0x0000b7f8       0x14 .pio\build\uno_r4_wifi\libFrameworkArduino.a(pwm.cpp.o)
                0x0000b7f8                PwmOut::PwmOut(int)
                0x0000b7f8                PwmOut::PwmOut(int)
 .text._ZN6PwmOutD2Ev
                0x0000b80c        0xe .pio\build\uno_r4_wifi\libFrameworkArduino.a(pwm.cpp.o)
                0x0000b80c                PwmOut::~PwmOut()
                0x0000b80c                PwmOut::~PwmOut()
 *fill*         0x0000b81a        0x2 ff
 .text._ZN6PwmOut7cfg_pinEi
                0x0000b81c       0x74 .pio\build\uno_r4_wifi\libFrameworkArduino.a(pwm.cpp.o)
                0x0000b81c                PwmOut::cfg_pin(int)
 .text._ZN6PwmOut5beginEv
                0x0000b890       0x28 .pio\build\uno_r4_wifi\libFrameworkArduino.a(pwm.cpp.o)
                0x0000b890                PwmOut::begin()
 .text._ZN6PwmOut14pulseWidth_rawEi
                0x0000b8b8        0x8 .pio\build\uno_r4_wifi\libFrameworkArduino.a(pwm.cpp.o)
                0x0000b8b8                PwmOut::pulseWidth_raw(int)
 .text._ZN6PwmOut10pulse_percEf
                0x0000b8c0       0x40 .pio\build\uno_r4_wifi\libFrameworkArduino.a(pwm.cpp.o)
                0x0000b8c0                PwmOut::pulse_perc(float)
 .text._ZN6PwmOut3endEv
                0x0000b900       0x10 .pio\build\uno_r4_wifi\libFrameworkArduino.a(pwm.cpp.o)
                0x0000b900                PwmOut::end()
 .text._ZL21timer_micros_callbackP22st_timer_callback_args
                0x0000b910       0x10 .pio\build\uno_r4_wifi\libFrameworkArduino.a(time.cpp.o)
 .text.delayMicroseconds
                0x0000b920        0x6 .pio\build\uno_r4_wifi\libFrameworkArduino.a(time.cpp.o)
                0x0000b920                delayMicroseconds
 .text.yield    0x0000b926        0x2 .pio\build\uno_r4_wifi\libFrameworkArduino.a(time.cpp.o)
                0x0000b926                yield
 .text.delay    0x0000b928       0x1c .pio\build\uno_r4_wifi\libFrameworkArduino.a(time.cpp.o)
                0x0000b928                delay
 .text._Z8startAgtv
                0x0000b944       0x6c .pio\build\uno_r4_wifi\libFrameworkArduino.a(time.cpp.o)
                0x0000b944                startAgt()
 .text.millis   0x0000b9b0        0xc .pio\build\uno_r4_wifi\libFrameworkArduino.a(time.cpp.o)
                0x0000b9b0                millis
 .text.startup._GLOBAL__sub_I_delayMicroseconds
                0x0000b9bc        0xc .pio\build\uno_r4_wifi\libFrameworkArduino.a(time.cpp.o)
 .text.exit._GLOBAL__sub_D_delayMicroseconds
                0x0000b9c8        0xc .pio\build\uno_r4_wifi\libFrameworkArduino.a(time.cpp.o)
 .text._Z10getPinCfgsh11PinCfgReq_t
                0x0000b9d4       0xe0 .pio\build\uno_r4_wifi\libFrameworkArduino.a(variant_helper.cpp.o)
                0x0000b9d4                getPinCfgs(unsigned char, PinCfgReq_t)
 .text.dump_stack
                0x0000bab4       0x7c .pio\build\uno_r4_wifi\libFrameworkArduino.a(cm_backtrace.c.o)
 .text.cm_backtrace_init
                0x0000bb30       0x74 .pio\build\uno_r4_wifi\libFrameworkArduino.a(cm_backtrace.c.o)
                0x0000bb30                cm_backtrace_init
 .text.cm_backtrace_firmware_info
                0x0000bba4       0x2c .pio\build\uno_r4_wifi\libFrameworkArduino.a(cm_backtrace.c.o)
                0x0000bba4                cm_backtrace_firmware_info
 .text.cm_backtrace_call_stack
                0x0000bbd0       0xe4 .pio\build\uno_r4_wifi\libFrameworkArduino.a(cm_backtrace.c.o)
                0x0000bbd0                cm_backtrace_call_stack
 .text.print_call_stack
                0x0000bcb4       0x94 .pio\build\uno_r4_wifi\libFrameworkArduino.a(cm_backtrace.c.o)
 .text.cm_backtrace_fault
                0x0000bd48      0x470 .pio\build\uno_r4_wifi\libFrameworkArduino.a(cm_backtrace.c.o)
                0x0000bd48                cm_backtrace_fault
 .text.Stacktrace_Handler
                0x0000c1b8        0xa .pio\build\uno_r4_wifi\libFrameworkArduino.a(cortex_handlers.c.o)
                0x0000c1b8                Stacktrace_Handler
 *fill*         0x0000c1c2        0x2 ff
 .text.r_spi_call_callback
                0x0000c1c4       0x40 C:\Users\denni\.platformio\packages\framework-arduinorenesas-uno\variants\UNOWIFIR4\libs\libfsp.a(r_spi.o)
 .text.spi_rxi_isr
                0x0000c204       0x9c C:\Users\denni\.platformio\packages\framework-arduinorenesas-uno\variants\UNOWIFIR4\libs\libfsp.a(r_spi.o)
                0x0000c204                spi_rxi_isr
 .text.spi_txi_isr